******************************************************************************
                  TI ARM Linker PC v5.2.5                      
******************************************************************************
>> Linked Mon Jun 20 17:00:03 2016

OUTPUT FILE NAME:   <SensorTag.out>
ENTRY POINT SYMBOL: "ResetISR"  address: 000086e9


MEMORY CONFIGURATION

         name            origin    length      used     unused   attr    fill
----------------------  --------  ---------  --------  --------  ----  --------
  FLASH                 00000000   0000dfff  0000c699  00001966  R  X
  SRAM                  20000000   00004463  00003c8f  000007d4  RW X


SEGMENT ALLOCATION MAP

run origin  load origin   length   init length attrs members
----------  ----------- ---------- ----------- ----- -------
00000000    00000000    00000094   00000094    r--
  00000000    00000000    0000003c   0000003c    r-- .resetVecs
  0000003c    0000003c    00000058   00000058    r-- .ccfg
00000100    00000100    0000c618   0000c618    r-x
  00000100    00000100    0000003c   0000003c    r-- .const:ti_sysbios_knl_Task_Object__PARAMS__C
  0000013c    0000013c    00000034   00000034    r-- .const:ti_sysbios_knl_Mailbox_Object__PARAMS__C
  00000170    00000170    00000030   00000030    r-- .const:ti_sysbios_family_arm_m3_Hwi_Object__PARAMS__C
  000001a0    000001a0    0000002c   0000002c    r-- .const:ti_sysbios_hal_Hwi_Object__PARAMS__C
  000001cc    000001cc    00000028   00000028    r-- .const:ti_sysbios_heaps_HeapMem_Module__FXNS__C
  000001f4    000001f4    00000028   00000028    r-- .const:ti_sysbios_knl_Swi_Object__PARAMS__C
  0000021c    0000021c    00000024   00000024    r-- .const:ti_sysbios_gates_GateHwi_Module__FXNS__C
  00000240    00000240    00000024   00000024    r-- .const:ti_sysbios_gates_GateMutex_Module__FXNS__C
  00000264    00000264    00000024   00000024    r-- .const:ti_sysbios_heaps_HeapMem_Object__PARAMS__C
  00000288    00000288    00000024   00000024    r-- .const:ti_sysbios_knl_Clock_Object__PARAMS__C
  000002ac    000002ac    00000024   00000024    r-- .const:ti_sysbios_knl_Semaphore_Object__PARAMS__C
  000002d0    000002d0    00000020   00000020    r-- .const:ti_sysbios_family_arm_m3_Hwi_Object__DESC__C
  000002f0    000002f0    00000020   00000020    r-- .const:ti_sysbios_gates_GateHwi_Object__DESC__C
  00000310    00000310    00000020   00000020    r-- .const:ti_sysbios_gates_GateMutex_Object__DESC__C
  00000330    00000330    00000020   00000020    r-- .const:ti_sysbios_hal_Hwi_Object__DESC__C
  00000350    00000350    00000020   00000020    r-- .const:ti_sysbios_heaps_HeapMem_Object__DESC__C
  00000370    00000370    00000020   00000020    r-- .const:ti_sysbios_knl_Clock_Object__DESC__C
  00000390    00000390    00000020   00000020    r-- .const:ti_sysbios_knl_Mailbox_Object__DESC__C
  000003b0    000003b0    00000020   00000020    r-- .const:ti_sysbios_knl_Queue_Object__DESC__C
  000003d0    000003d0    00000020   00000020    r-- .const:ti_sysbios_knl_Semaphore_Object__DESC__C
  000003f0    000003f0    00000020   00000020    r-- .const:ti_sysbios_knl_Swi_Object__DESC__C
  00000410    00000410    00000020   00000020    r-- .const:ti_sysbios_knl_Task_Object__DESC__C
  00000430    00000430    00000018   00000018    r-- .const:ti_sysbios_gates_GateHwi_Object__PARAMS__C
  00000448    00000448    00000018   00000018    r-- .const:ti_sysbios_gates_GateMutex_Object__PARAMS__C
  00000460    00000460    00000018   00000018    r-- .const:ti_sysbios_knl_Queue_Object__PARAMS__C
  00000478    00000478    00000008   00000008    r-- .const:ti_sysbios_knl_Idle_funcList__C
  00000484    00000484    00000004   00000004    r-- .const:ti_sysbios_family_arm_cc26xx_Timer_startupNeeded__C
  00000488    00000488    00000004   00000004    r-- .const:ti_sysbios_family_arm_m3_Hwi_E_alreadyDefined__C
  0000048c    0000048c    00000004   00000004    r-- .const:ti_sysbios_family_arm_m3_Hwi_E_hwiLimitExceeded__C
  00000490    00000490    00000004   00000004    r-- .const:ti_sysbios_family_arm_m3_Hwi_NUM_INTERRUPTS__C
  00000494    00000494    00000004   00000004    r-- .const:ti_sysbios_family_arm_m3_Hwi_Object__count__C
  00000498    00000498    00000004   00000004    r-- .const:ti_sysbios_family_arm_m3_Hwi_Object__table__C
  0000049c    0000049c    00000004   00000004    r-- .const:ti_sysbios_family_arm_m3_Hwi_ccr__C
  000004a0    000004a0    00000004   00000004    r-- .const:ti_sysbios_family_arm_m3_Hwi_excHandlerFunc__C
  000004a4    000004a4    00000004   00000004    r-- .const:ti_sysbios_family_arm_m3_Hwi_nullIsrFunc__C
  000004a8    000004a8    00000004   00000004    r-- .const:ti_sysbios_family_arm_m3_Hwi_numSparseInterrupts__C
  000004ac    000004ac    00000004   00000004    r-- .const:ti_sysbios_family_arm_m3_Hwi_priGroup__C
  000004b0    000004b0    00000004   00000004    r-- .const:ti_sysbios_family_arm_m3_TaskSupport_stackAlignment__C
  000004b4    000004b4    00000004   00000004    r-- .const:ti_sysbios_heaps_HeapMem_E_memory__C
  000004b8    000004b8    00000004   00000004    r-- .const:ti_sysbios_heaps_HeapMem_Module__gateObj__C
  000004bc    000004bc    00000004   00000004    r-- .const:ti_sysbios_heaps_HeapMem_Object__count__C
  000004c0    000004c0    00000004   00000004    r-- .const:ti_sysbios_heaps_HeapMem_Object__table__C
  000004c4    000004c4    00000004   00000004    r-- .const:ti_sysbios_heaps_HeapMem_reqAlign__C
  000004c8    000004c8    00000004   00000004    r-- .const:ti_sysbios_knl_Clock_serviceMargin__C
  000004cc    000004cc    00000004   00000004    r-- .const:ti_sysbios_knl_Mailbox_Object__count__C
  000004d0    000004d0    00000004   00000004    r-- .const:ti_sysbios_knl_Mailbox_Object__table__C
  000004d4    000004d4    00000004   00000004    r-- .const:ti_sysbios_knl_Queue_Object__count__C
  000004d8    000004d8    00000004   00000004    r-- .const:ti_sysbios_knl_Queue_Object__table__C
  000004dc    000004dc    00000004   00000004    r-- .const:ti_sysbios_knl_Swi_Object__count__C
  000004e0    000004e0    00000004   00000004    r-- .const:ti_sysbios_knl_Swi_Object__table__C
  000004e4    000004e4    00000004   00000004    r-- .const:ti_sysbios_knl_Swi_numPriorities__C
  000004e8    000004e8    00000004   00000004    r-- .const:ti_sysbios_knl_Task_Object__count__C
  000004ec    000004ec    00000004   00000004    r-- .const:ti_sysbios_knl_Task_Object__table__C
  000004f0    000004f0    00000004   00000004    r-- .const:ti_sysbios_knl_Task_allBlockedFunc__C
  000004f4    000004f4    00000004   00000004    r-- .const:ti_sysbios_knl_Task_defaultStackHeap__C
  000004f8    000004f8    00000004   00000004    r-- .const:ti_sysbios_knl_Task_defaultStackSize__C
  000004fc    000004fc    00000004   00000004    r-- .const:ti_sysbios_knl_Task_numConstructedTasks__C
  00000502    00000502    00000002   00000002    r-- .const:ti_sysbios_family_arm_cc26xx_Timer_Module__id__C
  00000504    00000504    00000002   00000002    r-- .const:ti_sysbios_family_arm_cc26xx_TimestampProvider_useClockTimer__C
  00000506    00000506    00000002   00000002    r-- .const:ti_sysbios_family_arm_m3_Hwi_Module__id__C
  00000508    00000508    00000002   00000002    r-- .const:ti_sysbios_gates_GateHwi_Module__id__C
  0000050a    0000050a    00000002   00000002    r-- .const:ti_sysbios_gates_GateMutex_Module__id__C
  0000050c    0000050c    00000002   00000002    r-- .const:ti_sysbios_heaps_HeapMem_Module__id__C
  0000050e    0000050e    00000002   00000002    r-- .const:ti_sysbios_knl_Task_initStackFlag__C
  00000510    00000510    00000001   00000001    r-- .const:ti_sysbios_knl_Clock_tickMode__C
  00000514    00000514    00000008   00000008    r-- .const:xdc_runtime_Startup_firstFxns__C
  0000051c    0000051c    00000008   00000008    r-- .const:xdc_runtime_Startup_lastFxns__C
  00000524    00000524    00000004   00000004    r-- .const:xdc_runtime_Assert_E_assertFailed__C
  00000528    00000528    00000004   00000004    r-- .const:xdc_runtime_Error_E_memory__C
  0000052c    0000052c    00000004   00000004    r-- .const:xdc_runtime_Error_policyFxn__C
  00000530    00000530    00000004   00000004    r-- .const:xdc_runtime_IGateProvider_Interface__BASE__C
  00000534    00000534    00000004   00000004    r-- .const:xdc_runtime_IHeap_Interface__BASE__C
  00000538    00000538    00000004   00000004    r-- .const:xdc_runtime_IModule_Interface__BASE__C
  0000053c    0000053c    00000004   00000004    r-- .const:xdc_runtime_Main_Module__diagsEnabled__C
  00000540    00000540    00000004   00000004    r-- .const:xdc_runtime_Main_Module__diagsIncluded__C
  00000544    00000544    00000004   00000004    r-- .const:xdc_runtime_Main_Module__diagsMask__C
  00000548    00000548    00000004   00000004    r-- .const:xdc_runtime_Memory_defaultHeapInstance__C
  0000054c    0000054c    00000004   00000004    r-- .const:xdc_runtime_Startup_execImpl__C
  00000550    00000550    00000004   00000004    r-- .const:xdc_runtime_Startup_maxPasses__C
  00000554    00000554    00000004   00000004    r-- .const:xdc_runtime_Startup_sfxnRts__C
  00000558    00000558    00000004   00000004    r-- .const:xdc_runtime_Startup_sfxnTab__C
  0000055c    0000055c    00000004   00000004    r-- .const:xdc_runtime_Startup_startModsFxn__C
  00000560    00000560    00000004   00000004    r-- .const:xdc_runtime_SysCallback_abortFxn__C
  00000564    00000564    00000004   00000004    r-- .const:xdc_runtime_SysCallback_exitFxn__C
  00000568    00000568    00000004   00000004    r-- .const:xdc_runtime_System_abortFxn__C
  0000056c    0000056c    00000004   00000004    r-- .const:xdc_runtime_System_exitFxn__C
  00000570    00000570    00000004   00000004    r-- .const:xdc_runtime_System_maxAtexitHandlers__C
  00000574    00000574    00000004   00000004    r-- .const:xdc_runtime_Text_charTab__C
  00000578    00000578    00000004   00000004    r-- .const:xdc_runtime_Text_nameEmpty__C
  0000057c    0000057c    00000004   00000004    r-- .const:xdc_runtime_Text_nameStatic__C
  00000580    00000580    00000004   00000004    r-- .const:xdc_runtime_Text_nameUnknown__C
  00000584    00000584    00000002   00000002    r-- .const:xdc_runtime_Main_Module__id__C
  00000586    00000586    00000002   00000002    r-- .const:xdc_runtime_Memory_Module__id__C
  00000588    00000588    00000002   00000002    r-- .const:xdc_runtime_Text_charCnt__C
  0000058a    0000058a    00000002   00000002    r-- .const:xdc_runtime_Text_isLoaded__C
  0000058c    0000058c    00000001   00000001    r-- .const:xdc_runtime_Error_policy__C
  00000590    00000590    00000004   00000004    r-- .const:ti_sysbios_rom_ROM_AONRTCChannelEnable
  00000594    00000594    00000004   00000004    r-- .const:ti_sysbios_rom_ROM_AONRTCCompareValueSet
  00000598    00000598    00000004   00000004    r-- .const:ti_sysbios_rom_ROM_AONRTCCurrentCompareValueGet
  0000059c    0000059c    00000004   00000004    r-- .const:ti_sysbios_rom_ROM_AONRTCEventClear
  000005a0    000005a0    00000004   00000004    r-- .const:ti_sysbios_rom_ROM_ti_sysbios_family_arm_cc26xx_Timer_getCount64__E
  000005a4    000005a4    00000004   00000004    r-- .const:ti_sysbios_rom_ROM_ti_sysbios_family_arm_cc26xx_Timer_getCurrentTick__E
  000005a8    000005a8    00000004   00000004    r-- .const:ti_sysbios_rom_ROM_ti_sysbios_family_arm_cc26xx_Timer_getMaxTicks__E
  000005ac    000005ac    00000004   00000004    r-- .const:ti_sysbios_rom_ROM_ti_sysbios_family_arm_cc26xx_Timer_initDevice__I
  000005b0    000005b0    00000004   00000004    r-- .const:ti_sysbios_rom_ROM_ti_sysbios_family_arm_cc26xx_Timer_setNextTick__E
  000005b4    000005b4    00000004   00000004    r-- .const:ti_sysbios_rom_ROM_ti_sysbios_family_arm_cc26xx_Timer_setThreshold__I
  000005b8    000005b8    00000004   00000004    r-- .const:ti_sysbios_rom_ROM_ti_sysbios_family_arm_cc26xx_Timer_start__E
  000005bc    000005bc    00000004   00000004    r-- .const:ti_sysbios_rom_ROM_ti_sysbios_family_arm_cc26xx_TimestampProvider_get32__E
  000005c0    000005c0    00000004   00000004    r-- .const:ti_sysbios_rom_ROM_xdc_runtime_Startup_getState__I
  000005c4    000005c4    00000004   00000004    r-- .const:ti_sysbios_rom_ROM_xdc_runtime_System_SupportProxy_abort__E
  000005c8    000005c8    00000004   00000004    r-- .const:ti_sysbios_rom_ROM_xdc_runtime_System_SupportProxy_exit__E
  000005cc    000005cc    00000004   00000004    r-- .const:ti_sysbios_gates_GateMutex_Instance_State_sem__O
  000005d0    000005d0    00000004   00000004    r-- .const:ti_sysbios_knl_Clock_Module_State_clockQ__O
  000005d4    000005d4    00000004   00000004    r-- .const:ti_sysbios_knl_Mailbox_Instance_State_dataQue__O
  000005d8    000005d8    00000004   00000004    r-- .const:ti_sysbios_knl_Mailbox_Instance_State_dataSem__O
  000005dc    000005dc    00000004   00000004    r-- .const:ti_sysbios_knl_Mailbox_Instance_State_freeQue__O
  000005e0    000005e0    00000004   00000004    r-- .const:ti_sysbios_knl_Mailbox_Instance_State_freeSem__O
  000005e4    000005e4    00000004   00000004    r-- .const:ti_sysbios_knl_Semaphore_Instance_State_pendQ__O
  000005e8    000005e8    00000004   00000004    r-- .const:ti_sysbios_knl_Task_Module_State_inactiveQ__O
  000005ec    000005ec    0000ada4   0000ada4    r-x .text
  0000b390    0000b390    00000701   00000701    r-- .const
  0000ba98    0000ba98    00000c80   00000c80    r-- .cinit
20000000    20000000    000000c8   00000000    rw-
  20000000    20000000    000000c8   00000000    rw- .vecs
20000100    20000100    00000104   00000000    rw-
  20000100    20000100    00000044   00000000    rw- .data:ti_sysbios_knl_Task_Module__state__V
  20000144    20000144    00000034   00000000    rw- .data:ti_sysbios_family_arm_m3_Hwi_Module__state__V
  20000178    20000178    0000002c   00000000    rw- .data:ti_sysbios_knl_Clock_Module__state__V
  200001a4    200001a4    00000024   00000000    rw- .data:ti_sysbios_BIOS_Module__state__V
  200001c8    200001c8    0000001c   00000000    rw- .data:ti_sysbios_knl_Swi_Module__state__V
  200001e4    200001e4    00000008   00000000    rw- .data:ti_sysbios_family_arm_cc26xx_Timer_Module__state__V
  200001ec    200001ec    00000004   00000000    rw- .data:ti_sysbios_family_arm_cc26xx_TimestampProvider_Module__state__V
  200001f0    200001f0    00000008   00000000    rw- .data:xdc_runtime_Startup_Module__state__V
  200001f8    200001f8    00000008   00000000    rw- .data:xdc_runtime_System_Module__state__V
  20000200    20000200    00000004   00000000    rw- .data:xdc_runtime_Memory_Module__state__V
20000430    20000430    00000010   00000000    rw-
  20000430    20000430    00000010   00000000    rw- .TI.bound:dmaRxControlTableEntry0
20000440    20000440    00000010   00000000    rw-
  20000440    20000440    00000010   00000000    rw- .TI.bound:dmaTxControlTableEntry0
20000500    20000500    00000010   00000000    rw-
  20000500    20000500    00000010   00000000    rw- .TI.bound:dmaRxControlTableEntry1
20000510    20000510    00003697   00000000    rw-
  20000510    20000510    00000010   00000000    rw- .TI.bound:dmaTxControlTableEntry1
  20000520    20000520    00001e6c   00000000    rw- .data
  20002390    20002390    00001817   00000000    rw- .bss
20004060    20004060    00000400   00000000    rw-
  20004060    20004060    00000400   00000000    rw- .stack


SECTION ALLOCATION MAP

 output                                  attributes/
section   page    origin      length       input sections
--------  ----  ----------  ----------   ----------------
.text      0    000005ec    0000ada4     
                  000005ec    000005dc     SensorTag.obj (.text:SensorTag_taskFxn)
                  00000bc8    000005ce     driverlib.lib : setup.obj (.text:HapiTrimDeviceShutDown)
                  00001196    00000002     SPICC26XXDMA.obj (.text:SPICC26XXDMA_serviceISR)
                  00001198    000004c0     peripheral.obj (.text:gapRole_taskFxn)
                  00001658    00000440     sysbios.aem3 : mangled__BIOS_lib.obj (.text:xdc_runtime_System_doPrint__I)
                  00001a98    0000034c                  : mangled__BIOS_lib.obj (.text:ti_sysbios_family_arm_cc26xx_Power_auxISR__E)
                  00001de4    000002f4                  : mangled__BIOS_lib.obj (.text:ti_sysbios_family_arm_cc26xx_Power_sleep__E)
                  000020d8    00000294     peripheral.obj (.text:GAPRole_SetParameter)
                  0000236c    000001f4     rtsv7M3_T_le_eabi.lib : ull_div_t2.obj (.text)
                  00002560    000001aa     driverlib.lib : sys_ctrl.obj (.text:SysCtrlSetRechargeBeforePowerDown)
                  0000270a    00000002     rtsv7M3_T_le_eabi.lib : i_div0.obj (.text)
                  0000270c    00000194     PINCC26XX.obj (.text:PIN_init)
                  000028a0    0000018c     SPICC26XXDMA.obj (.text:SPICC26XXDMA_transfer)
                  00002a2c    00000154     registerservice.obj (.text:sensor_WriteAttrCB)
                  00002b80    00000150     SPICC26XXDMA.obj (.text:SPICC26XXDMA_initIO)
                  00002cd0    00000144     oad.obj (.text:OAD_imgBlockWrite)
                  00002e14    0000013c     peripheral.obj (.text:GAPRole_GetParameter)
                  00002f50    00000138     I2CCC26XX.obj (.text:I2CCC26XX_open)
                  00003088    00000130     sysbios.aem3 : mangled__BIOS_lib.obj (.text:xdc_runtime_Text_putSite__E)
                  000031b8    0000012c     SPICC26XXDMA.obj (.text:SPICC26XXDMA_open)
                  000032e4    00000118     devinfoservice.obj (.text:DevInfo_SetParameter)
                  000033fc    0000010c     SensorTag_Mov.obj (.text:SensorTagMov_processSensorEvent)
                  00003508    0000010a     ICall.obj (.text:ICall_primWaitMatch)
                  00003612    00000002     appBLE_pem3.oem3 (.text:ti_sysbios_BIOS_nullFunc__I)
                  00003614    00000104     sysbios.aem3 : mangled__BIOS_lib.obj (.text:calibrateRcoscHf1$28)
                  00003718    00000100     SPICC26XXDMA.obj (.text:SPICC26XXDMA_transferCancel)
                  00003818    00000100     SensorTag_Bar.obj (.text:sensorTaskFxn)
                  00003918    000000fc     SPICC26XXDMA.obj (.text:SPICC26XXDMA_hwiFxn)
                  00003a14    000000fc     sensor_mpu9250.obj (.text:sensorMpu9250MagRead)
                  00003b10    000000fc     sysbios.aem3 : mangled__BIOS_lib.obj (.text:xdc_runtime_Text_putLab__E)
                  00003c0c    000000f8                  : mangled__BIOS_lib.obj (.text:ti_sysbios_family_arm_cc26xx_Power_startFirstMeasurement__E)
                  00003d04    000000f8     appBLE_pem3.oem3 (.text:xdc_runtime_System_printfExtend__I)
                  00003dfc    000000f0     sensor_bmp280.obj (.text:sensorBmp280Convert)
                  00003eec    000000f0     sysbios.aem3 : mangled__BIOS_lib.obj (.text:ti_sysbios_family_arm_cc26xx_Power_standbyPolicy__E)
                  00003fdc    000000e0     I2CCC26XX.obj (.text:I2CCC26XX_hwiFxn)
                  000040bc    000000dc     oad.obj (.text:OAD_imgIdentifyWrite)
                  00004198    000000dc     sensor_mpu9250.obj (.text:sensorMpu9250WomEnable)
                  00004274    000000dc     SensorTag_Tmp.obj (.text:sensorTaskFxn)
                  00004350    000000d8     sysbios.aem3 : mangled__BIOS_lib.obj (.text:ti_sysbios_family_arm_cc26xx_Power_setDependency__E)
                  00004428    000000d4     sensor_mpu9250.obj (.text:sensorMpu9250Reset)
                  000044fc    000000d0     ioservice.obj (.text:io_WriteAttrCB)
                  000045cc    000000d0     barometerservice.obj (.text:sensor_WriteAttrCB)
                  0000469c    000000d0     humidityservice.obj (.text:sensor_WriteAttrCB)
                  0000476c    000000d0     irtempservice.obj (.text:sensor_WriteAttrCB)
                  0000483c    000000d0     movementservice.obj (.text:sensor_WriteAttrCB)
                  0000490c    000000d0     opticservice.obj (.text:sensor_WriteAttrCB)
                  000049dc    000000d0     sysbios.aem3 : mangled__BIOS_lib.obj (.text:ti_sysbios_family_arm_cc26xx_Power_releaseDependency__E)
                  00004aac    000000cc     sensor_mpu9250.obj (.text:sensorMpu9250Enable)
                  00004b78    000000c8     I2CCC26XX.obj (.text:I2CCC26XX_transfer)
                  00004c40    000000c4     oad_target_externalFlash.obj (.text:OADTarget_systemReset)
                  00004d04    000000c0     SensorTag_Mov.obj (.text:SensorTagMov_processCharChangeEvt)
                  00004dc4    000000bc     SensorTag_IO.obj (.text:SensorTagIO_processCharChangeEvt)
                  00004e80    000000bc     sensor.obj (.text:sensorTestExecute)
                  00004f3c    000000b8     PINCC26XX.obj (.text:PINCC26XX_setIoCfg)
                  00004ff4    000000b8     ccservice.obj (.text:ccService_WriteAttrCB)
                  000050ac    000000b8     SensorTag_Hum.obj (.text:sensorTaskFxn)
                  00005164    000000b4     SensorTag_Keys.obj (.text:SensorTagKeys_processEvent)
                  00005218    000000b4     devinfoservice.obj (.text:devInfo_ReadAttrCB)
                  000052cc    000000b4     driverlib.lib : setup.obj (.text:trimDevice)
                  00005380    000000b0     gattservapp_util.obj (.text:GATTServApp_ProcessCharCfg)
                  00005430    000000b0     sysbios.aem3 : mangled__BIOS_lib.obj (.text:ti_sysbios_knl_Clock_workFuncDynamic__E)
                  000054e0    000000a8                  : mangled__BIOS_lib.obj (.text:ti_sysbios_knl_Task_setPri__E)
                  00005588    000000a4                  : mangled__BIOS_lib.obj (.text:ti_sysbios_family_arm_cc26xx_Power_initiateCalibration__E)
                  0000562c    000000a0     auto_init.aem3 : auto_init.oem3 (.text)
                  000056cc    0000009c     ICall.obj (.text:ICall_primSetTimer)
                  00005768    0000009c     rtsv7M3_T_le_eabi.lib : memcpy_t2.obj (.text)
                  00005804    0000009c     sensor_tmp007.obj (.text:sensorTmp007Test)
                  000058a0    00000096     sensor_bmp280.obj (.text:sensorBmp280Test)
                  00005936    00000094     driverlib.lib : osc.obj (.text:OSCHF_GetStartupTime)
                  000059ca    00000002     sysbios.aem3 : mangled__BIOS_lib.obj (.text:ti_sysbios_family_arm_cc26xx_Power_defaultClockFunc__E)
                  000059cc    00000094     SensorTag_Opt.obj (.text:SensorTagOpt_processCharChangeEvt)
                  00005a60    0000008c     PINCC26XX.obj (.text:PIN_open)
                  00005aec    0000008c     SensorTag_Bar.obj (.text:SensorTagBar_processCharChangeEvt)
                  00005b78    0000008c     sensor_tmp007.obj (.text:sensorTmp007Read)
                  00005c04    0000008c     sysbios.aem3 : mangled__BIOS_lib.obj (.text:ti_sysbios_family_arm_cc26xx_Power_LF_clockFunc__E)
                  00005c90    0000008c                  : mangled__BIOS_lib.obj (.text:ti_sysbios_family_arm_cc26xx_Power_Module_startup__E)
                  00005d1c    00000088     I2CCC26XX.obj (.text:I2CCC26XX_close)
                  00005da4    00000088     registerservice.obj (.text:sensor_ReadAttrCB)
                  00005e2c    00000088     sysbios.aem3 : mangled__BIOS_lib.obj (.text:ti_sysbios_family_arm_cc26xx_Timer_start__E)
                  00005eb4    00000084     ICall.obj (.text:ICall_heapMalloc)
                  00005f38    00000084     SensorTag_Tmp.obj (.text:SensorTagTmp_processCharChangeEvt)
                  00005fbc    00000080     SensorTag_Hum.obj (.text:SensorTagHum_processCharChangeEvt)
                  0000603c    00000080     oad.obj (.text:oadWriteAttrCB)
                  000060bc    0000007c     driverlib.lib : chipinfo.obj (.text:ChipInfo_GetHwRevision)
                  00006138    0000007c     ICall.obj (.text:ICall_createRemoteTasks)
                  000061b4    0000007c     gattservapp_util.obj (.text:gattServApp_SendNotiInd)
                  00006230    0000007a     rtsv7M3_T_le_eabi.lib : memset_t2.obj (.text)
                  000062aa    00000002     sysbios.aem3 : mangled__BIOS_lib.obj (.text:ti_sysbios_family_arm_cc26xx_Power_defaultNotifyTrapFunc__E)
                  000062ac    00000078     SPICC26XXDMA.obj (.text:SPICC26XXDMA_control)
                  00006324    00000078     bsp_i2c.obj (.text:bspI2cSelect)
                  0000639c    00000078     movementservice.obj (.text:sensor_ReadAttrCB)
                  00006414    00000074     ccservice.obj (.text:CcService_setParameter)
                  00006488    00000074     ICall.obj (.text:ICall_primSend)
                  000064fc    00000074     movementservice.obj (.text:Movement_setParameter)
                  00006570    00000074     ext_flash.obj (.text:extFlashWrite)
                  000065e4    00000070     bsp_i2c.obj (.text:bspI2cInit)
                  00006654    00000070     barometerservice.obj (.text:sensor_ReadAttrCB)
                  000066c4    0000006e     driverlib.lib : osc.obj (.text:OSCHF_AttemptToSwitchToXosc)
                  00006732    00000002     appBLE_pem3.oem3 (.text:ti_sysbios_rom_cortexm_cc26xx_CC26xx_badRomRevision__E)
                  00006734    0000006c     barometerservice.obj (.text:Barometer_setParameter)
                  000067a0    0000006c     ICallCC2650.obj (.text:ICallPlatform_pwrUpdActivityCounter)
                  0000680c    0000006c     SensorTag_ConnCtrl.obj (.text:SensorTagConnectionControl_update)
                  00006878    0000006c     peripheral.obj (.text:gapRole_startConnUpdate)
                  000068e4    0000006a     I2CCC26XX.obj (.text:I2CCC26XX_primeTransfer)
                  0000694e    0000006a     rtsv7M3_T_le_eabi.lib : copy_decompress_rle.obj (.text)
                  000069b8    0000006a     sensor_opt3001.obj (.text:sensorOpt3001Read)
                  00006a22    00000002     sysbios.aem3 : mangled__BIOS_lib.obj (.text:xdc_runtime_SysCallback_defaultAbort)
                  00006a24    00000068     humidityservice.obj (.text:Humidity_setParameter)
                  00006a8c    00000068     ICall.obj (.text:ICall_primEnroll)
                  00006af4    00000068     irtempservice.obj (.text:IRTemp_setParameter)
                  00006b5c    00000068     simplekeys.obj (.text:SK_AddService)
                  00006bc4    00000068     UDMACC26XX.obj (.text:UDMACC26XX_open)
                  00006c2c    00000068     SensorTag_Mov.obj (.text:appStateSet)
                  00006c94    00000066     driverlib.lib : sys_ctrl.obj (.text:SysCtrl_DCDC_VoltageConditionalControl)
                  00006cfa    00000066     sensor_hdc1000.obj (.text:sensorHdc1000Test)
                  00006d60    00000066     humidityservice.obj (.text:sensor_ReadAttrCB)
                  00006dc6    00000066     irtempservice.obj (.text:sensor_ReadAttrCB)
                  00006e2c    00000066     opticservice.obj (.text:sensor_ReadAttrCB)
                  00006e92    00000002     sysbios.aem3 : mangled__BIOS_lib.obj (.text:xdc_runtime_SysCallback_defaultExit)
                  00006e94    00000064     oad.obj (.text:OAD_getNextBlockReq)
                  00006ef8    00000064     opticservice.obj (.text:Optic_setParameter)
                  00006f5c    00000064     PINCC26XX.obj (.text:PIN_add)
                  00006fc0    00000064     registerservice.obj (.text:Register_addService)
                  00007024    00000064     registerservice.obj (.text:sensor_initRegister)
                  00007088    00000062     driverlib.lib : sys_ctrl.obj (.text:SysCtrlAdjustRechargeAfterPowerDown)
                  000070ea    00000002     sysbios.aem3 : mangled__BIOS_lib.obj (.text:xdc_runtime_SysCallback_defaultFlush)
                  000070ec    00000060     oad.obj (.text:OAD_addService)
                  0000714c    00000060     SensorTag_Mov.obj (.text:SensorTagMov_init)
                  000071ac    00000060     ext_flash.obj (.text:extFlashErase)
                  0000720c    00000060     appBLE_pem3.oem3 (.text:ti_sysbios_family_arm_cc26xx_Power_XOSC_HF_clockFunc__E)
                  0000726c    00000060     sysbios.aem3 : mangled__BIOS_lib.obj (.text:ti_sysbios_family_arm_cc26xx_Timer_setNextTick__E)
                  000072cc    0000005c     barometerservice.obj (.text:Barometer_addService)
                  00007328    0000005c     ccservice.obj (.text:CcService_addService)
                  00007384    0000005c     humidityservice.obj (.text:Humidity_addService)
                  000073e0    0000005c     ICall.obj (.text:ICall_newTask)
                  0000743c    0000005c     ICall.obj (.text:ICall_primThreadServes)
                  00007498    0000005c     irtempservice.obj (.text:IRTemp_addService)
                  000074f4    0000005c     ioservice.obj (.text:Io_addService)
                  00007550    0000005c     movementservice.obj (.text:Movement_addService)
                  000075ac    0000005c     opticservice.obj (.text:Optic_addService)
                  00007608    0000005c     sensor_mpu9250.obj (.text:sensorMpu9250MagReset)
                  00007664    0000005c     sensor_mpu9250.obj (.text:sensorMpu9250Test)
                  000076c0    0000005c     registerservice.obj (.text:sensor_readRegister)
                  0000771c    0000005c     appBLE_pem3.oem3 (.text:xdc_runtime_Startup_getState__I)
                  00007778    0000005a     ioservice.obj (.text:io_ReadAttrCB)
                  000077d2    00000002     sysbios.aem3 : mangled__BIOS_lib.obj (.text:xdc_runtime_SysCallback_defaultPutch)
                  000077d4    00000058     peripheral.obj (.text:GAPRole_SendUpdateParam)
                  0000782c    00000058     I2CCC26XX.obj (.text:I2CCC26XX_completeTransfer)
                  00007884    00000058     ICallCC2650.obj (.text:ICallPlatform_pwrRegisterNotify)
                  000078dc    00000058     driverlib.lib : osc.obj (.text:OSCHF_SwitchToRcOscTurnOffXosc)
                  00007934    00000058     SPICC26XXDMA.obj (.text:SPICC26XXDMA_initHw)
                  0000798c    00000058     util.obj (.text:Util_constructClock)
                  000079e4    00000058     SensorTag_Keys.obj (.text:processGapStateChange)
                  00007a3c    00000058     sysbios.aem3 : mangled__BIOS_lib.obj (.text:ti_sysbios_family_arm_cc26xx_Power_notify__I)
                  00007a94    00000056     gattservapp_util.obj (.text:GATTServApp_ProcessCCCWriteReq)
                  00007aea    00000056     driverlib.lib : ddi.obj (.text:NOROM_DDI16BitfieldWrite)
                  00007b40    00000054     ICall.obj (.text:ICall_primFetchMsg)
                  00007b94    00000054     ioservice.obj (.text:Io_setParameter)
                  00007be8    00000054     PINCC26XX.obj (.text:PIN_remove)
                  00007c3c    00000054     SensorTag_IO.obj (.text:SensorTagIO_reset)
                  00007c90    00000054     util.obj (.text:Util_enqueueMsg)
                  00007ce4    00000054     util.obj (.text:Util_rescheduleClock)
                  00007d38    00000054     ccservice.obj (.text:ccService_ReadAttrCB)
                  00007d8c    00000054     sensor_mpu9250.obj (.text:sensorMpu9250AccSetRange)
                  00007de0    00000052     ICall.obj (.text:ICall_primWait)
                  00007e32    00000052     driverlib.lib : osc.obj (.text:NOROM_OSCClockSourceSet)
                  00007e84    00000052     SensorTag_ConnCtrl.obj (.text:SensorTagConnControl_processCharChangeEvt)
                  00007ed6    00000052     ext_flash.obj (.text:extFlashRead)
                  00007f28    00000050     ICallBleAPI.obj (.text:GAPBondMgr_LinkEst)
                  00007f78    00000050     ICallBleAPI.obj (.text:GAP_DeviceInit)
                  00007fc8    00000050     ICallBleAPI.obj (.text:GATTServApp_RegisterService)
                  00008018    00000050     I2CCC26XX.obj (.text:I2CCC26XX_initHw)
                  00008068    00000050     ICall.obj (.text:ICall_primGetEntityId)
                  000080b8    00000050     ICall.obj (.text:ICall_primRegisterApp)
                  00008108    00000050     sensor_hdc1000.obj (.text:sensorHdc1000Read)
                  00008158    0000004e     SPICC26XXDMA.obj (.text:SPICC26XXDMA_close)
                  000081a6    0000004e     sensor_opt3001.obj (.text:sensorOpt3001Test)
                  000081f4    0000004c     ICall.obj (.text:ICall_primFetchServiceMsg)
                  00008240    0000004c     SensorTag_Opt.obj (.text:SensorTagOpt_init)
                  0000828c    0000004c     SensorTag.obj (.text:SensorTag_blinkLed)
                  000082d8    0000004c     bsp_spi.obj (.text:bspSpiOpen)
                  00008324    0000004c     ext_flash.obj (.text:extFlashOpen)
                  00008370    0000004c     ext_flash.obj (.text:extFlashVerifyPart)
                  000083bc    0000004c     ext_flash.obj (.text:extFlashWaitReady)
                  00008408    0000004c     ICallBleAPI.obj (.text:gattIndNoti)
                  00008454    0000004c     main.obj (.text:main)
                  000084a0    0000004c     rtsv7M3_T_le_eabi.lib : cpy_tbl.obj (.text)
                  000084ec    0000004c     sysbios.aem3 : mangled__BIOS_lib.obj (.text:xdc_runtime_Text_xprintf__I)
                  00008538    00000048     ICallBleAPI.obj (.text:GAP_UpdateAdvertisingData)
                  00008580    00000048     oad_target_externalFlash.obj (.text:OADTarget_getCurrentImageHeader)
                  000085c8    00000048     PINCC26XX.obj (.text:PIN_Isr)
                  00008610    00000048     SensorTag.obj (.text:SensorTag_processOadWriteCB)
                  00008658    00000048     sensor_bmp280.obj (.text:sensorBmp280Read)
                  000086a0    00000046     SensorTag.obj (.text:SensorTag_hasFactoryImage)
                  000086e6    00000002     --HOLE-- [fill = 0]
                  000086e8    00000044     boot.aem3 : boot.oem3 (.text)
                  0000872c    00000044     ext_flash.obj (.text:extFlashClose)
                  00008770    00000044     rtsv7M3_T_le_eabi.lib : exit.obj (.text)
                  000087b4    00000044     sensor_mpu9250.obj (.text:sensorMpu9250SetBypass)
                  000087f8    00000044     sysbios.aem3 : mangled__BIOS_lib.obj (.text:ti_sysbios_family_arm_cc26xx_Timer_initDevice__I)
                  0000883c    00000042     ICall.obj (.text:ICall_primCreateSemaphore)
                  0000887e    00000042     ICall.obj (.text:ICall_primCreateTask)
                  000088c0    00000042     driverlib.lib : ddi.obj (.text:NOROM_DDI16BitfieldRead)
                  00008902    00000002     --HOLE-- [fill = 0]
                  00008904    00000040     peripheral.obj (.text:GAPRole_createTask)
                  00008944    00000040     oad_target_externalFlash.obj (.text:OADTarget_storeImageHeader)
                  00008984    00000040     simplekeys.obj (.text:SK_SetParameter)
                  000089c4    00000040     simplekeys.obj (.text:SK_readAttrCB)
                  00008a04    00000040     SensorTag_IO.obj (.text:initBuzzTimer)
                  00008a44    00000040     rtsv7M3_T_le_eabi.lib : u_divt2.obj (.text)
                  00008a84    00000040     sensor_mpu9250.obj (.text:sensorMpu9250MagTest)
                  00008ac4    00000040     sensor_mpu9250.obj (.text:sensorMpuSleep)
                  00008b04    00000040     sensor_tmp007.obj (.text:sensorTmp007Enable)
                  00008b44    00000040     appBLE_pem3.oem3 (.text:ti_sysbios_family_arm_cc26xx_Power_XOSC_HF)
                  00008b84    00000040     sysbios.aem3 : mangled__BIOS_lib.obj (.text:ti_sysbios_family_arm_cc26xx_Power_isStableXOSC_HF__E)
                  00008bc4    00000040                  : mangled__BIOS_lib.obj (.text:ti_sysbios_family_arm_cc26xx_Timer_getCurrentTick__E)
                  00008c04    00000040     ICallBleAPI.obj (.text:waitMatchCS)
                  00008c44    0000003e     driverlib.lib : osc.obj (.text:NOROM_OSCInterfaceEnable)
                  00008c82    0000003e     ICallBleAPI.obj (.text:gapSendParamAndPtrCmd)
                  00008cc0    0000003c     ICallBleAPI.obj (.text:GAP_GetParamValue)
                  00008cfc    0000003c     ICallBleAPI.obj (.text:GAP_TerminateLinkReq)
                  00008d38    0000003c     ICallCC2650.obj (.text:ICallPlatform_pwrConfigACAction)
                  00008d74    0000003c     PINCC26XX.obj (.text:PINCC26XX_getConfig)
                  00008db0    0000003c     SensorTag_Bar.obj (.text:SensorTagBar_createTask)
                  00008dec    0000003c     SensorTag_Hum.obj (.text:SensorTagHum_createTask)
                  00008e28    0000003c     SensorTag_Keys.obj (.text:SensorTagKeys_processKeyLeft)
                  00008e64    0000003c     SensorTag_Keys.obj (.text:SensorTagKeys_processKeyRight)
                  00008ea0    0000003c     SensorTag_Tmp.obj (.text:SensorTagTmp_createTask)
                  00008edc    0000003c     SensorTag.obj (.text:SensorTag_createTask)
                  00008f18    0000003c     bsp_i2c.obj (.text:bspI2cRead)
                  00008f54    0000003c     ICallBleAPI.obj (.text:sendWaitMatchCS)
                  00008f90    0000003c     ICallBleAPI.obj (.text:sendWaitMatchValueCS)
                  00008fcc    0000003c     sensor_bmp280.obj (.text:sensorBmp280Init)
                  00009008    0000003c     sensor_mpu9250.obj (.text:sensorMpu9250AccRead)
                  00009044    0000003c     sensor_mpu9250.obj (.text:sensorMpu9250AccReadRange)
                  00009080    0000003c     sensor_mpu9250.obj (.text:sensorMpu9250GyroRead)
                  000090bc    0000003c     sysbios.aem3 : mangled__BIOS_lib.obj (.text:ti_sysbios_family_arm_cc26xx_Power_releaseConstraint__E)
                  000090f8    0000003c                  : mangled__BIOS_lib.obj (.text:xdc_runtime_System_printf__E)
                  00009134    0000003a     ICallBleAPI.obj (.text:profileSetParameter)
                  0000916e    0000003a     sensor_mpu9250.obj (.text:sensorMpu9250IntStatus)
                  000091a8    00000038     ccservice.obj (.text:CcService_getParameter)
                  000091e0    00000038     I2C.obj (.text:I2C_init)
                  00009218    00000038     ICall.obj (.text:ICall_dispatch)
                  00009250    00000038     ICall.obj (.text:ICall_init)
                  00009288    00000038     ICall.obj (.text:ICall_primGetMaxMSecs)
                  000092c0    00000038     ICall.obj (.text:ICall_primSetTimerMSecs)
                  000092f8    00000038     movementservice.obj (.text:Movement_getParameter)
                  00009330    00000038     driverlib.lib : osc.obj (.text:OSCHF_TurnOnXosc)
                  00009368    00000038     PINCC26XX.obj (.text:PIN_setOutputValue)
                  000093a0    00000038     SPICC26XXDMA.obj (.text:SPICC26XXDMA_csnCallback)
                  000093d8    00000038     SensorTag_Opt.obj (.text:SensorTagOpt_reset)
                  00009410    00000038     util.obj (.text:Util_restartClock)
                  00009448    00000038     bsp_i2c.obj (.text:bspI2cWrite)
                  00009480    00000038     bsp_i2c.obj (.text:bspI2cWriteRead)
                  000094b8    00000038     bsp_spi.obj (.text:bspSpiClose)
                  000094f0    00000038     ICallBleAPI.obj (.text:gapSendParamsCmd)
                  00009528    00000038     ICallBleAPI.obj (.text:gapSendPtrParamsCmd)
                  00009560    00000038     ICallBleAPI.obj (.text:linkDB_NumConns)
                  00009598    00000038     ICallBleAPI.obj (.text:osal_snv_read)
                  000095d0    00000038     ICallBleAPI.obj (.text:osal_snv_write)
                  00009608    00000038     sysbios.aem3 : mangled__BIOS_lib.obj (.text:ti_sysbios_family_arm_cc26xx_Power_setConstraint__E)
                  00009640    00000038                  : mangled__BIOS_lib.obj (.text:ti_sysbios_family_arm_cc26xx_Timer_setThreshold__I)
                  00009678    00000036     ICallCC2650.obj (.text:ICallPlatform_pwrDispenseImpl)
                  000096ae    00000036     ICallCC2650.obj (.text:ICallPlatform_pwrRequireImpl)
                  000096e4    00000036     ICall.obj (.text:ICall_primWaitSemaphore)
                  0000971a    00000002     --HOLE-- [fill = 0]
                  0000971c    00000034     barometerservice.obj (.text:Barometer_getParameter)
                  00009750    00000034     driverlib.lib : chipinfo.obj (.text:ChipInfo_GetChipFamily)
                  00009784    00000034     peripheral.obj (.text:GAPRole_StartDevice)
                  000097b8    00000034     ICallBleAPI.obj (.text:GAP_SetParamValue)
                  000097ec    00000034     gattservapp_util.obj (.text:GATTServApp_InitCharCfg)
                  00009820    00000034     oad.obj (.text:ICall_malloc)
                  00009854    00000034     ICall.obj (.text:ICall_msgEnqueue)
                  00009888    00000034     ICall.obj (.text:ICall_primRegisterISR)
                  000098bc    00000034     ICall.obj (.text:ICall_primRegisterISR_Ext)
                  000098f0    00000034     ICall.obj (.text:ICall_searchServiceEntity)
                  00009924    00000034     ICallBleAPI.obj (.text:ICall_sendServiceMsg)
                  00009958    00000034     PINCC26XX.obj (.text:PIN_setInterrupt)
                  0000998c    00000034     SensorTag_Keys.obj (.text:SensorTagKeys_processRelay)
                  000099c0    00000033     sysbios.aem3 : mangled__BIOS_lib.obj (.text:xdc_runtime_Text_printVisFxn__I)
                  000099f3    00000001     --HOLE-- [fill = 0]
                  000099f4    00000032     ICallCC2650.obj (.text:ICallPlatform_pwrNotify)
                  00009a26    00000032     simplekeys.obj (.text:SK_writeAttrCB)
                  00009a58    00000032     ICallBleAPI.obj (.text:matchGapSetGetParamCS)
                  00009a8a    00000032     ICallBleAPI.obj (.text:matchGattCmdStatus)
                  00009abc    00000032     ICallBleAPI.obj (.text:matchUtilNvCS)
                  00009aee    00000002     --HOLE-- [fill = 0]
                  00009af0    00000030     humidityservice.obj (.text:Humidity_getParameter)
                  00009b20    00000030     ICall.obj (.text:ICall_heapInit)
                  00009b50    00000030     ICall.obj (.text:ICall_msecs2Ticks)
                  00009b80    00000030     ICall.obj (.text:ICall_primEntityId2ServiceId)
                  00009bb0    00000030     ICall.obj (.text:ICall_searchTask)
                  00009be0    00000030     ICallBleAPI.obj (.text:ICall_waitMatch)
                  00009c10    00000030     irtempservice.obj (.text:IRTemp_getParameter)
                  00009c40    00000030     opticservice.obj (.text:Optic_getParameter)
                  00009c70    00000030     PINCC26XX.obj (.text:PIN_setConfig)
                  00009ca0    00000030     registerservice.obj (.text:Register_setParameter)
                  00009cd0    00000030     bsp_spi.obj (.text:bspSpiRead)
                  00009d00    00000030     bsp_spi.obj (.text:bspSpiWrite)
                  00009d30    00000030     ext_flash.obj (.text:extFlashWriteEnable)
                  00009d60    00000030     ICallBleAPI.obj (.text:profileAddService)
                  00009d90    00000030     sensor_hdc1000.obj (.text:sensorHdc1000Init)
                  00009dc0    00000030     sensor_mpu9250.obj (.text:sensorMpu9250PowerOn)
                  00009df0    00000030     appBLE_pem3.oem3 (.text:ti_sysbios_BIOS_atExitFunc__I)
                  00009e20    00000030     sysbios.aem3 : mangled__BIOS_lib.obj (.text:ti_sysbios_family_arm_cc26xx_Power_registerNotify__E)
                  00009e50    00000030                  : mangled__BIOS_lib.obj (.text:ti_sysbios_family_arm_cc26xx_Power_switchXOSC_HF__E)
                  00009e80    0000002e     oad.obj (.text:crc16)
                  00009eae    0000002e     ICallBleAPI.obj (.text:matchProfileAddServiceCS)
                  00009edc    0000002e     sensor_opt3001.obj (.text:sensorOpt3001Enable)
                  00009f0a    0000002c     driverlib.lib : aon_batmon.obj (.text:AONBatMonTemperatureGetDegC)
                  00009f36    0000002c     ICallBleAPI.obj (.text:GAPBondMgr_LinkTerm)
                  00009f62    0000002c     ICallBleAPI.obj (.text:GAPBondMgr_Register)
                  00009f8e    00000002     --HOLE-- [fill = 0]
                  00009f90    0000002c     ICallBleAPI.obj (.text:ICall_getLocalMsgEntityId)
                  00009fbc    0000002c     ICall.obj (.text:ICall_heapFree)
                  00009fe8    0000002c     ICall.obj (.text:ICall_primAllocMsg)
                  0000a014    0000002c     SensorTag_ConnCtrl.obj (.text:SensorTagConnControl_paramUpdateCB)
                  0000a040    0000002c     SensorTag_Mov.obj (.text:SensorTagMov_reset)
                  0000a06c    0000002c     SensorTag.obj (.text:SensorTag_charValueChangeCB)
                  0000a098    0000002c     SensorTag.obj (.text:SensorTag_stateChangeCB)
                  0000a0c4    0000002c     sensor_mpu9250.obj (.text:sensorMpu9250Init)
                  0000a0f0    0000002c     sensor.obj (.text:sensorWriteReg)
                  0000a11c    0000002c     st_util.obj (.text:utilExtractUuid16)
                  0000a148    0000002a     UDMACC26XX.obj (.text:UDMACC26XX_close)
                  0000a172    0000002a     ICallBleAPI.obj (.text:matchProfileCS)
                  0000a19c    00000028     gattservapp_util.obj (.text:GATTServApp_WriteCharCfg)
                  0000a1c4    00000028     ICallBleAPI.obj (.text:ICall_allocMsg)
                  0000a1ec    00000028     ICallBleAPI.obj (.text:ICall_getEntityId)
                  0000a214    00000028     SensorTag.obj (.text:ICall_malloc)
                  0000a23c    00000028     driverlib.lib : aon_rtc.obj (.text:NOROM_AONRTCCurrentCompareValueGet)
                  0000a264    00000028     PINCC26XX.obj (.text:PINCC26XX_setMux)
                  0000a28c    00000028     SensorTag_Bar.obj (.text:SensorTagBar_reset)
                  0000a2b4    00000028     gattservapp_util.obj (.text:gattServApp_FindCharCfgItem)
                  0000a2dc    00000028     sensor_bmp280.obj (.text:sensorBmp280Enable)
                  0000a304    00000028     sensor_mpu9250.obj (.text:sensorMpu9250PowerOff)
                  0000a32c    00000028     appBLE_pem3.oem3 (.text:ti_sysbios_family_arm_cc26xx_Power_isDependencyActive)
                  0000a354    00000028     sysbios.aem3 : mangled__BIOS_lib.obj (.text:ti_sysbios_family_arm_cc26xx_Timer_getMaxTicks__E)
                  0000a37c    00000026     driverlib.lib : osc.obj (.text:NOROM_OSCClockSourceGet)
                  0000a3a2    00000002     --HOLE-- [fill = 0]
                  0000a3a4    00000024     ICallBleAPI.obj (.text:GATT_bm_alloc)
                  0000a3c8    00000024     oad_target_externalFlash.obj (.text:OADTarget_validateNewImage)
                  0000a3ec    00000024     SensorTag_Hum.obj (.text:SensorTagHum_reset)
                  0000a410    00000024     SensorTag_IO.obj (.text:SensorTagIO_init)
                  0000a434    00000024     SensorTag_Opt.obj (.text:SensorTagOpt_processSensorEvent)
                  0000a458    00000024     SensorTag_Tmp.obj (.text:SensorTagTmp_reset)
                  0000a47c    00000024     sensor_hdc1000.obj (.text:sensorHdc1000Start)
                  0000a4a0    00000024     appBLE_pem3.oem3 (.text:ti_sysbios_BIOS_registerRTSLock__I)
                  0000a4c4    00000024     appBLE_pem3.oem3 (.text:ti_sysbios_BIOS_removeRTSLock__I)
                  0000a4e8    00000024     appBLE_pem3.oem3 (.text:ti_sysbios_BIOS_startFunc__I)
                  0000a50c    00000008     (.tramp.xdc_runtime_System_atexit__E.1)
                  0000a514    00000008     (.tramp.ti_sysbios_family_arm_cc26xx_Timer_startup__E.1)
                  0000a51c    00000008     (.tramp.ti_sysbios_hal_Hwi_startup__E.1)
                  0000a524    00000008     (.tramp.ti_sysbios_knl_Swi_startup__E.1)
                  0000a52c    00000008     (.tramp.ti_sysbios_knl_Task_startup__E.1)
                  0000a534    00000024     sysbios.aem3 : mangled__BIOS_lib.obj (.text:ti_sysbios_family_arm_cc26xx_Timer_dynamicStub__E)
                  0000a558    00000022     rtsv7M3_T_le_eabi.lib : memcmp.obj (.text)
                  0000a57a    00000002     --HOLE-- [fill = 0]
                  0000a57c    00000020     peripheral.obj (.text:GAPRole_TerminateConnection)
                  0000a59c    00000020     util.obj (.text:ICall_free)
                  0000a5bc    00000020     ICallBleAPI.obj (.text:ICall_freeMsg)
                  0000a5dc    00000020     ioservice.obj (.text:Io_getParameter)
                  0000a5fc    00000020     SensorTag_Mov.obj (.text:SensorTagMov_processInterrupt)
                  0000a61c    00000020     SensorTag_Opt.obj (.text:SensorTagOpt_clockHandler)
                  0000a63c    00000020     SensorTag.obj (.text:SensorTag_applyFactoryImage)
                  0000a65c    00000020     util.obj (.text:Util_dequeueMsg)
                  0000a67c    00000020     SensorTag_Mov.obj (.text:initCharacteristicValue)
                  0000a69c    00000020     appBLE_pem3.oem3 (.text:ti_sysbios_BIOS_rtsLock__I)
                  0000a6bc    00000008     (.tramp.ti_sysbios_BIOS_RtsGateProxy_enter__E.1)
                  0000a6c4    00000020     sysbios.aem3 : mangled__BIOS_lib.obj (.text:ti_sysbios_family_arm_cc26xx_TimestampProvider_get32__E)
                  0000a6e4    00000020     SensorTag_IO.obj (.text:timerIsr)
                  0000a704    0000001e     ICallBleAPI.obj (.text:GATT_Notification)
                  0000a722    0000001e     ICall.obj (.text:ICall_primSendServiceMsg)
                  0000a740    0000001e     driverlib.lib : flash.obj (.text:NOROM_FlashProgram)
                  0000a75e    0000001e                   : flash.obj (.text:NOROM_FlashSectorErase)
                  0000a77c    0000001e     PINCC26XX.obj (.text:PIN_close)
                  0000a79a    0000001e     sensor.obj (.text:convertToLe)
                  0000a7b8    0000001c     barometerservice.obj (.text:Barometer_registerAppCBs)
                  0000a7d4    0000001c     gattservapp_util.obj (.text:GATTServApp_FindAttr)
                  0000a7f0    0000001c     ICallBleAPI.obj (.text:GATT_bm_free)
                  0000a80c    0000001c     humidityservice.obj (.text:Humidity_registerAppCBs)
                  0000a828    0000001c     ICall.obj (.text:ICall_enterCSImpl)
                  0000a844    0000001c     ICall.obj (.text:ICall_primService)
                  0000a860    0000001c     irtempservice.obj (.text:IRTemp_registerAppCBs)
                  0000a87c    0000001c     movementservice.obj (.text:Movement_registerAppCBs)
                  0000a898    0000001c     opticservice.obj (.text:Optic_registerAppCBs)
                  0000a8b4    0000001c     PINCC26XX.obj (.text:PINCC26XX_setIoCfgMux)
                  0000a8d0    0000001c     ICallBleAPI.obj (.text:getStatusValueFromErrNo)
                  0000a8ec    0000001c     sysbios.aem3 : mangled__BIOS_lib.obj (.text:ti_sysbios_family_arm_cc26xx_Power_unregisterNotify__E)
                  0000a908    0000001a     ICallBleAPI.obj (.text:matchGattIndNotiCS)
                  0000a922    00000018     driverlib.lib : chipinfo.obj (.text:ChipInfo_GetPackageType)
                  0000a93a    00000002     --HOLE-- [fill = 0]
                  0000a93c    00000018     I2C.obj (.text:I2C_open)
                  0000a954    00000018     ICallCC2650.obj (.text:ICallPlatform_pwrDispense)
                  0000a96c    00000018     ICallCC2650.obj (.text:ICallPlatform_pwrRequire)
                  0000a984    00000018     ICall.obj (.text:ICall_primMalloc)
                  0000a99c    00000018     ioservice.obj (.text:Io_registerAppCBs)
                  0000a9b4    00000018     PINCC26XX.obj (.text:PIN_getConfig)
                  0000a9cc    00000018     SPI.obj (.text:SPI_open)
                  0000a9e4    00000018     SensorTag_Keys.obj (.text:SensorTagKeys_reset)
                  0000a9fc    00000018     SensorTag_Mov.obj (.text:SensorTagMov_clockHandler)
                  0000aa14    00000018     SensorTag.obj (.text:SensorTag_callback)
                  0000aa2c    00000018     peripheral.obj (.text:gapRole_setEvent)
                  0000aa44    00000018     SensorTag_Bar.obj (.text:initCharacteristicValue)
                  0000aa5c    00000018     SensorTag_Hum.obj (.text:initCharacteristicValue)
                  0000aa74    00000018     SensorTag_Opt.obj (.text:initCharacteristicValue)
                  0000aa8c    00000018     SensorTag_Tmp.obj (.text:initCharacteristicValue)
                  0000aaa4    00000018     rtsv7M3_T_le_eabi.lib : args_main.obj (.text)
                  0000aabc    00000018                           : ll_mul_t2.obj (.text)
                  0000aad4    00000018     SensorTag.obj (.text:sensorTag_updateAdvertisingData)
                  0000aaec    00000018     appBLE_pem3.oem3 (.text:ti_sysbios_BIOS_rtsUnlock__I)
                  0000ab04    00000008     (.tramp.ti_sysbios_BIOS_RtsGateProxy_leave__E.1)
                  0000ab0c    00000018     appBLE_pem3.oem3 (.text:ti_sysbios_family_arm_cc26xx_Power_RFCORECLKS)
                  0000ab24    00000018     sysbios.aem3 : mangled__BIOS_lib.obj (.text:ti_sysbios_family_arm_cc26xx_Timer_getCount64__E)
                  0000ab3c    00000018     appBLE_pem3.oem3 (.text:ti_sysbios_rom_cortexm_cc26xx_CC26xx_checkRevision__E)
                  0000ab54    00000016     ICall.obj (.text:ICall_leaveCSImpl)
                  0000ab6a    00000016     ICall.obj (.text:ICall_primStopTimer)
                  0000ab80    00000016     oad_target_externalFlash.obj (.text:OADTarget_imageAddress)
                  0000ab96    00000016     sensor.obj (.text:sensorReadReg)
                  0000abac    00000016     ICallBleAPI.obj (.text:setICallCmdEvtHdr)
                  0000abc2    00000016     appBLE_pem3.oem3 (.text:ti_sysbios_BIOS_exitFunc__I)
                  0000abd8    00000014     ccservice.obj (.text:CcService_registerAppCBs)
                  0000abec    00000014     devinfoservice.obj (.text:DevInfo_AddService)
                  0000ac00    00000014     ICallBleAPI.obj (.text:GGS_SetParameter)
                  0000ac14    00000014     I2CCC26XX.obj (.text:I2CCC26XX_init)
                  0000ac28    00000014     ICallCC2650.obj (.text:ICallPlatform_pwrIsStableXOSCHF)
                  0000ac3c    00000014     oad_target_externalFlash.obj (.text:OADTarget_close)
                  0000ac50    00000014     PINCC26XX.obj (.text:PINCC26XX_getInputValue)
                  0000ac64    00000014     PINCC26XX.obj (.text:PINCC26XX_getOutputValue)
                  0000ac78    00000014     SPICC26XXDMA.obj (.text:SPICC26XXDMA_init)
                  0000ac8c    00000014     SPI.obj (.text:SPI_Params_init)
                  0000aca0    00000014     SensorTag_ConnCtrl.obj (.text:SensorTagConnectionControl_init)
                  0000acb4    00000014     SensorTag.obj (.text:SensorTag_clockHandler)
                  0000acc8    00000014     driverlib.lib : chipinfo.obj (.text:ThisCodeIsBuiltForCC26xxHwRev22AndLater_HaltIfViolated)
                  0000acdc    00000014     bsp_spi.obj (.text:bspSpiFlush)
                  0000acf0    00000014     rtsv7M3_T_le_eabi.lib : _lock.obj (.text)
                  0000ad04    00000014                           : strlen.obj (.text)
                  0000ad18    00000014     sensor_mpu9250.obj (.text:sensorMpu9250PowerIsOn)
                  0000ad2c    00000014     sensor_mpu9250.obj (.text:sensorMpu9250_Callback)
                  0000ad40    00000014     appBLE_pem3.oem3 (.text:ti_sysbios_knl_Clock_doTick__I)
                  0000ad54    00000008     (.tramp.ti_sysbios_knl_Clock_logTick__E.1)
                  0000ad5c    00000008     (.tramp.ti_sysbios_knl_Swi_post__E.1)
                  0000ad64    00000012     ICallCC2650.obj (.text:ICallPlatform_pwrGetXOSCStartupTime)
                  0000ad76    00000012     ext_flash.obj (.text:extFlashTest)
                  0000ad88    00000012     sensor.obj (.text:sensorSetErrorData)
                  0000ad9a    00000012     appBLE_pem3.oem3 (.text:xdc_runtime_Startup_exec__I)
                  0000adac    00000008     (.tramp.xdc_runtime_Startup_startMods__I.1)
                  0000adb4    00000010     ICallBleAPI.obj (.text:GAP_EndDiscoverable)
                  0000adc4    00000010     ICallBleAPI.obj (.text:GAP_UpdateLinkParamReq)
                  0000add4    00000010     gattservapp_util.obj (.text:GATTServApp_ReadCharCfg)
                  0000ade4    00000010     I2C.obj (.text:I2C_Params_init)
                  0000adf4    00000010     ICallCC2650.obj (.text:ICallPlatform_pwrGetTransitionState)
                  0000ae04    00000010     ICall.obj (.text:ICall_primGetTickPeriod)
                  0000ae14    00000010     ICall.obj (.text:ICall_primGetTicks)
                  0000ae24    00000010     ICall.obj (.text:ICall_taskEntry)
                  0000ae34    00000010     oad_target_externalFlash.obj (.text:OADTarget_getCrc)
                  0000ae44    00000010     oad_target_externalFlash.obj (.text:OADTarget_open)
                  0000ae54    00000010     oad.obj (.text:OAD_register)
                  0000ae64    00000010     SensorTag_Keys.obj (.text:SensorTagKeys_init)
                  0000ae74    00000010     util.obj (.text:Util_isActive)
                  0000ae84    00000010     bsp_i2c.obj (.text:bspI2cWriteSingle)
                  0000ae94    00000010     ext_flash.obj (.text:extFlashDeselect)
                  0000aea4    00000010     ext_flash.obj (.text:extFlashSelect)
                  0000aeb4    00000010     I2CCC26XX.obj (.text:i2cPostNotify)
                  0000aec4    00000010     sysbios.aem3 : mangled__BIOS_lib.obj (.text:xdc_runtime_SysCallback_flush__E)
                  0000aed4    00000010                  : mangled__BIOS_lib.obj (.text:xdc_runtime_SysCallback_putch__E)
                  0000aee4    00000010                  : mangled__BIOS_lib.obj (.text:xdc_runtime_SysCallback_ready__E)
                  0000aef4    0000000e     ICall.obj (.text:ICall_primDisableMInt)
                  0000af02    0000000e     ICall.obj (.text:ICall_primEnableMInt)
                  0000af10    00000008     (.tramp.ti_sysbios_family_arm_m3_Hwi_enableFxn__E.1)
                  0000af18    00000008     (.tramp.ti_sysbios_knl_Task_enable__E.1)
                  0000af20    0000000e     ICall.obj (.text:ICall_primFreeMsg)
                  0000af2e    0000000e     driverlib.lib : vims.obj (.text:NOROM_VIMSModeGet)
                  0000af3c    0000000e     util.obj (.text:Util_constructQueue)
                  0000af4a    00000002     --HOLE-- [fill = 0]
                  0000af4c    00000008     (.tramp.ti_sysbios_knl_Queue_construct.1)
                  0000af54    0000000e     rtsv7M3_T_le_eabi.lib : copy_decompress_none.obj (.text:decompress:none)
                  0000af62    0000000e     ICallBleAPI.obj (.text:matchGSARegisterServiceCS)
                  0000af70    0000000e     ICallBleAPI.obj (.text:matchGapLinkEstCS)
                  0000af7e    0000000e     ICallBleAPI.obj (.text:matchLinkDBNumConnsCS)
                  0000af8c    0000000e     ICallBleAPI.obj (.text:setDispatchCmdEvtHdr)
                  0000af9a    00000002     --HOLE-- [fill = 0]
                  0000af9c    0000000c     peripheral.obj (.text:GAPRole_RegisterAppCBs)
                  0000afa8    0000000c     ICallBleAPI.obj (.text:GAP_MakeDiscoverable)
                  0000afb4    0000000c     ICallBleAPI.obj (.text:GAP_TerminateAuth)
                  0000afc0    0000000c     ICallBleAPI.obj (.text:GATT_Indication)
                  0000afcc    0000000c     ICall.obj (.text:ICall_primDisableInt)
                  0000afd8    00000008     (.tramp.ti_sysbios_hal_Hwi_disableInterrupt__E.1)
                  0000afe0    0000000c     ICall.obj (.text:ICall_primE2S)
                  0000afec    0000000c     ICall.obj (.text:ICall_primEnableInt)
                  0000aff8    00000008     (.tramp.ti_sysbios_hal_Hwi_enableInterrupt__E.1)
                  0000b000    0000000c     ICall.obj (.text:ICall_primFree)
                  0000b00c    0000000c     ICall.obj (.text:ICall_primSignal)
                  0000b018    0000000c     driverlib.lib : cpu.obj (.text:NOROM_CPUcpsid)
                  0000b024    0000000c                   : cpu.obj (.text:NOROM_CPUcpsie)
                  0000b030    0000000c     PINCC26XX.obj (.text:PIN_registerIntCb)
                  0000b03c    0000000c     bsp_i2c.obj (.text:bspI2cDeselect)
                  0000b048    0000000c     rtsv7M3_T_le_eabi.lib : copy_zero_init.obj (.text:decompress:ZI)
                  0000b054    0000000c     ICallBleAPI.obj (.text:matchProfileSetParamCS)
                  0000b060    0000000c     sensor_mpu9250.obj (.text:sensorMpu9250RegisterCallback)
                  0000b06c    0000000c     sensor_opt3001.obj (.text:sensorOpt3001Init)
                  0000b078    0000000c     sensor.obj (.text:sensorTestResult)
                  0000b084    0000000c     SPICC26XXDMA.obj (.text:spiPostNotify)
                  0000b090    0000000c     sysbios.aem3 : mangled__BIOS_lib.obj (.text:ti_sysbios_BIOS_getThreadType__E)
                  0000b09c    0000000c                  : mangled__BIOS_lib.obj (.text:ti_sysbios_family_arm_cc26xx_Power_getDependencyCount__E)
                  0000b0a8    0000000c                  : mangled__BIOS_lib.obj (.text:ti_sysbios_family_arm_cc26xx_Power_getTransitionState__E)
                  0000b0b4    0000000c                  : mangled__BIOS_lib.obj (.text:ti_sysbios_hal_Hwi_Params__init__S)
                  0000b0c0    00000008     (.tramp.xdc_runtime_Core_assignParams__I.1)
                  0000b0c8    0000000c     appBLE_pem3.oem3 (.text:xdc_runtime_Startup_reset__I)
                  0000b0d4    0000000a     I2C.obj (.text:I2C_close)
                  0000b0de    0000000a     I2C.obj (.text:I2C_transfer)
                  0000b0e8    0000000a     ICallCC2650.obj (.text:ICallPlatform_pwrSwitchXOSCHF)
                  0000b0f2    0000000a     ICall.obj (.text:ICall_clockFunc)
                  0000b0fc    0000000a     oad_target_externalFlash.obj (.text:OADTarget_eraseFlash)
                  0000b106    0000000a     oad_target_externalFlash.obj (.text:OADTarget_readFlash)
                  0000b110    0000000a     oad_target_externalFlash.obj (.text:OADTarget_writeFlash)
                  0000b11a    0000000a     SPI.obj (.text:SPI_close)
                  0000b124    0000000a     SPI.obj (.text:SPI_transfer)
                  0000b12e    0000000a     UDMACC26XX.obj (.text:UDMACC26XX_hwiIntFxn)
                  0000b138    00000008     I2CCC26XX.obj (.text:I2CCC26XX_blockingCallback)
                  0000b140    00000008     SPICC26XXDMA.obj (.text:SPICC26XXDMA_transferCallback)
                  0000b148    00000008     SensorTag_ConnCtrl.obj (.text:ccChangeCB)
                  0000b150    00000008     SensorTag_IO.obj (.text:ioChangeCB)
                  0000b158    00000008     oad.obj (.text:oadReadAttrCB)
                  0000b160    00000008     SensorTag_Mov.obj (.text:sensorChangeCB)
                  0000b168    00000008     SensorTag_Bar.obj (.text:sensorConfigChangeCB)
                  0000b170    00000008     SensorTag_Hum.obj (.text:sensorConfigChangeCB)
                  0000b178    00000008     SensorTag_Opt.obj (.text:sensorConfigChangeCB)
                  0000b180    00000008     SensorTag_Tmp.obj (.text:sensorConfigChangeCB)
                  0000b188    00000008     appBLE_pem3.oem3 (.text:xdc_runtime_Text_visitRope__I)
                  0000b190    00000006     ICallBleAPI.obj (.text:GATTServApp_AddService)
                  0000b196    00000006     ICallBleAPI.obj (.text:GGS_AddService)
                  0000b19c    00000006     I2CCC26XX.obj (.text:I2CCC26XX_control)
                  0000b1a2    00000006     ICall.obj (.text:ICall_mallocImpl)
                  0000b1a8    00000006     driverlib.lib : cpu.obj (.text:NOROM_CPUdelay)
                  0000b1ae    00000006     sysbios.aem3 : mangled__BIOS_lib.obj (.text:__xdc__init)
                  0000b1b4    00000006     rtsv7M3_T_le_eabi.lib : copy_decompress_rle.obj (.text:decompress:rle24)
                  0000b1ba    00000006     ICallBleAPI.obj (.text:matchGGSSetParamCS)
                  0000b1c0    00000006     ICallBleAPI.obj (.text:matchGapDeviceInitCS)
                  0000b1c6    00000006     ICallBleAPI.obj (.text:matchGapEndDiscoverableCS)
                  0000b1cc    00000006     ICallBleAPI.obj (.text:matchGapGetParamCS)
                  0000b1d2    00000006     ICallBleAPI.obj (.text:matchGapMakeDiscoverableCS)
                  0000b1d8    00000006     ICallBleAPI.obj (.text:matchGapSetParamCS)
                  0000b1de    00000006     ICallBleAPI.obj (.text:matchGapTerminateAuthCS)
                  0000b1e4    00000006     ICallBleAPI.obj (.text:matchGapTerminateLinkReqCS)
                  0000b1ea    00000006     ICallBleAPI.obj (.text:matchGapUpdateAdvDataCS)
                  0000b1f0    00000006     ICallBleAPI.obj (.text:matchGapUpdateLinkParamReqCS)
                  0000b1f6    00000006     ICallBleAPI.obj (.text:matchUtilNvReadCS)
                  0000b1fc    00000006     ICallBleAPI.obj (.text:matchUtilNvWriteCS)
                  0000b202    00000006     sensor_tmp007.obj (.text:sensorTmp007Init)
                  0000b208    00000004     ICall.obj (.text:ICall_primAbort)
                  0000b20c    00000004     oad_target_externalFlash.obj (.text:OADTarget_hasExternalFlash)
                  0000b210    00000004     util.obj (.text:Util_startClock)
                  0000b214    00000004     util.obj (.text:Util_stopClock)
                  0000b218    00000004     appBLE_pem3.oem3 (.text:ti_sysbios_family_arm_cc26xx_Power_NOP)
                  0000b21c    00000004     sysbios.aem3 : mangled__BIOS_lib.obj (.text:ti_sysbios_knl_Clock_isActive__E)
                  0000b220    00000004                  : mangled__BIOS_lib.obj (.text:ti_sysbios_knl_Clock_setPeriod__E)
                  0000b224    00000004                  : mangled__BIOS_lib.obj (.text:xdc_runtime_SysCallback_defaultReady)
                  0000b228    00000008     (.tramp.ti_sysbios_knl_Queue_put__E.1)
                  0000b230    00000008     (.tramp.ti_sysbios_BIOS_setThreadType__E.1)
                  0000b238    00000008     (.tramp.ti_sysbios_hal_Hwi_create.1)
                  0000b240    00000008     (.tramp.ti_sysbios_knl_Task_construct.1)
                  0000b248    00000008     (.tramp.xdc_runtime_System_exit__E.1)
                  0000b250    00000008     (.tramp.ti_sysbios_BIOS_start__E.1)
                  0000b258    00000008     (.tramp.ti_sysbios_knl_Clock_construct.1)
                  0000b260    00000008     (.tramp.ti_sysbios_BIOS_getCpuFreq__E.1)
                  0000b268    00000008     (.tramp.ti_sysbios_knl_Semaphore_create.1)
                  0000b270    00000008     (.tramp.ti_sysbios_knl_Task_exit__E.1)
                  0000b278    00000008     (.tramp.ti_sysbios_knl_Task_create.1)
                  0000b280    00000008     (.tramp.ti_sysbios_knl_Task_Params__init__S.1)
                  0000b288    00000008     (.tramp.ti_sysbios_knl_Semaphore_destruct.1)
                  0000b290    00000008     (.tramp.ti_sysbios_family_arm_m3_Hwi_destruct.1)
                  0000b298    00000008     (.tramp.ti_sysbios_knl_Clock_create.1)
                  0000b2a0    00000008     (.tramp.ti_sysbios_knl_Clock_Params__init__S.1)
                  0000b2a8    00000008     (.tramp.ti_sysbios_knl_Queue_enqueue__E.1)
                  0000b2b0    00000008     (.tramp.ti_sysbios_knl_Queue_remove__E.1)
                  0000b2b8    00000008     (.tramp.ti_sysbios_knl_Clock_scheduleNextTick__E.1)
                  0000b2c0    00000008     (.tramp.ti_sysbios_knl_Clock_walkQueueDynamic__E.1)
                  0000b2c8    00000008     (.tramp.ti_sysbios_family_arm_m3_Hwi_enableInterrupt__E.1)
                  0000b2d0    00000008     (.tramp.ti_sysbios_family_arm_m3_Hwi_disableInterrupt__E.1)
                  0000b2d8    00000008     (.tramp.ti_sysbios_knl_Clock_stop__E.1)
                  0000b2e0    00000008     (.tramp.ti_sysbios_knl_Clock_start__E.1)
                  0000b2e8    00000008     (.tramp.ti_sysbios_knl_Clock_setTimeout__E.1)
                  0000b2f0    00000008     (.tramp.ti_sysbios_knl_Clock_TimerProxy_getCurrentTick__E.1)
                  0000b2f8    00000008     (.tramp.ti_sysbios_knl_Semaphore_post__E.1)
                  0000b300    00000008     (.tramp.ti_sysbios_knl_Clock_getTicks__E.1)
                  0000b308    00000008     (.tramp.ti_sysbios_knl_Task_self__E.1)
                  0000b310    00000008     (.tramp.ti_sysbios_knl_Semaphore_pend__E.1)
                  0000b318    00000008     (.tramp.ti_sysbios_family_arm_m3_Hwi_restoreFxn__E.1)
                  0000b320    00000008     (.tramp.ti_sysbios_family_arm_m3_Hwi_disableFxn__E.1)
                  0000b328    00000008     (.tramp.ti_sysbios_family_arm_m3_Hwi_construct.1)
                  0000b330    00000008     (.tramp.ti_sysbios_family_arm_m3_Hwi_Params__init__S.1)
                  0000b338    00000008     (.tramp.ti_sysbios_knl_Semaphore_construct.1)
                  0000b340    00000008     (.tramp.ti_sysbios_knl_Semaphore_Params__init__S.1)
                  0000b348    00000008     (.tramp.ti_sysbios_knl_Task_restore__E.1)
                  0000b350    00000008     (.tramp.ti_sysbios_knl_Swi_restore__E.1)
                  0000b358    00000008     (.tramp.ti_sysbios_knl_Swi_disable__E.1)
                  0000b360    00000008     (.tramp.ti_sysbios_knl_Queue_next__E.1)
                  0000b368    00000008     (.tramp.ti_sysbios_knl_Queue_head__E.1)
                  0000b370    00000008     (.tramp.ti_sysbios_knl_Task_disable__E.1)
                  0000b378    00000008     (.tramp.ti_sysbios_knl_Queue_dequeue__E.1)
                  0000b380    00000008     (.tramp.ti_sysbios_knl_Queue_empty__E.1)
                  0000b388    00000008     (.tramp.ti_sysbios_knl_Task_sleep__E.1)

.const     0    0000b390    00000701     
                  0000b390    000000bc     ICall.obj (.const)
                  0000b44c    00000060     SensorTag.obj (.const)
                  0000b4ac    00000054     SPICC26XXDMA.obj (.const)
                  0000b500    0000004c     appBLE_pem3.oem3 (.const:ti_sysbios_family_arm_cc26xx_Power_db)
                  0000b54c    00000048     appBLE_pem3.oem3 (.const:.string)
                  0000b594    00000040     barometerservice.obj (.const:.string)
                  0000b5d4    00000040     ccservice.obj (.const:.string)
                  0000b614    00000040     humidityservice.obj (.const:.string)
                  0000b654    00000040     irtempservice.obj (.const:.string)
                  0000b694    00000040     movementservice.obj (.const:.string)
                  0000b6d4    00000040     opticservice.obj (.const:.string)
                  0000b714    00000040     registerservice.obj (.const:.string)
                  0000b754    00000034     oad.obj (.const)
                  0000b788    00000030     ioservice.obj (.const:.string)
                  0000b7b8    0000002c     gatt_uuid.obj (.const)
                  0000b7e4    00000028     Board.obj (.const:spiCC26XXDMAHWAttrs)
                  0000b80c    00000028     appBLE_pem3.oem3 (.const:xdc_runtime_Startup_sfxnTab__A)
                  0000b834    00000027     oad.obj (.const:.string)
                  0000b85b    00000027     bleUserConfig.obj (.const:txPowerTable)
                  0000b882    00000002     bsp_i2c.obj (.const)
                  0000b884    00000024     Board.obj (.const:SPI_config)
                  0000b8a8    00000020     SPI.obj (.const)
                  0000b8c8    0000001c     I2CCC26XX.obj (.const)
                  0000b8e4    00000018     Board.obj (.const:I2C_config)
                  0000b8fc    00000014     devinfoservice.obj (.const:.string)
                  0000b910    00000014     barometerservice.obj (.const)
                  0000b924    00000014     ccservice.obj (.const)
                  0000b938    00000014     devinfoservice.obj (.const)
                  0000b94c    00000014     humidityservice.obj (.const)
                  0000b960    00000014     ioservice.obj (.const)
                  0000b974    00000014     irtempservice.obj (.const)
                  0000b988    00000014     movementservice.obj (.const)
                  0000b99c    00000014     opticservice.obj (.const)
                  0000b9b0    00000014     registerservice.obj (.const)
                  0000b9c4    00000014     simplekeys.obj (.const)
                  0000b9d8    00000014     appBLE_pem3.oem3 (.const:xdc_runtime_Startup_sfxnRts__A)
                  0000b9ec    00000011     sysbios.aem3 : mangled__BIOS_lib.obj (.const:.string)
                  0000b9fd    00000001     ICallCC2650.obj (.const)
                  0000b9fe    00000002     appBLE_pem3.oem3 (.const:xdc_runtime_Text_registryModsLastId__C)
                  0000ba00    00000010     I2C.obj (.const)
                  0000ba10    00000010     Board.obj (.const:UDMACC26XX_config)
                  0000ba20    00000010     Board.obj (.const:i2cCC26xxHWAttrs)
                  0000ba30    0000000c     appBLE_pem3.oem3 (.const:xdc_runtime_Startup_firstFxns__A)
                  0000ba3c    00000008     ext_flash.obj (.const)
                  0000ba44    00000008     Board.obj (.const:udmaHWAttrs)
                  0000ba4c    00000006     bleUserConfig.obj (.const)
                  0000ba52    00000004     simplekeys.obj (.const:.string)
                  0000ba56    00000002     appBLE_pem3.oem3 (.const:xdc_runtime_Text_unnamedModsLastId__C)
                  0000ba58    00000004     appBLE_pem3.oem3 (.const:ti_sysbios_family_arm_cc26xx_Power_Module_State_clockObj__O)
                  0000ba5c    00000004     appBLE_pem3.oem3 (.const:ti_sysbios_family_arm_cc26xx_Power_Module_State_lfClockObj__O)
                  0000ba60    00000004     appBLE_pem3.oem3 (.const:ti_sysbios_family_arm_cc26xx_Power_Module_State_notifyQ__O)
                  0000ba64    00000004     appBLE_pem3.oem3 (.const:ti_sysbios_family_arm_cc26xx_Power_notifyTrapFunc__C)
                  0000ba68    00000004     appBLE_pem3.oem3 (.const:ti_sysbios_family_arm_cc26xx_Power_totalTicksSTANDBY__C)
                  0000ba6c    00000004     appBLE_pem3.oem3 (.const:ti_sysbios_family_arm_cc26xx_Power_wakeDelaySTANDBY__C)
                  0000ba70    00000004     appBLE_pem3.oem3 (.const:ti_sysbios_family_arm_m3_Hwi_disablePriority__C)
                  0000ba74    00000004     appBLE_pem3.oem3 (.const:ti_sysbios_knl_Clock_tickPeriod__C)
                  0000ba78    00000004     appBLE_pem3.oem3 (.const:ti_sysbios_knl_Idle_funcList__A)
                  0000ba7c    00000004     appBLE_pem3.oem3 (.const:xdc_runtime_SysCallback_flushFxn__C)
                  0000ba80    00000004     appBLE_pem3.oem3 (.const:xdc_runtime_SysCallback_putchFxn__C)
                  0000ba84    00000004     appBLE_pem3.oem3 (.const:xdc_runtime_SysCallback_readyFxn__C)
                  0000ba88    00000004     appBLE_pem3.oem3 (.const:xdc_runtime_System_extendFxn__C)
                  0000ba8c    00000004     appBLE_pem3.oem3 (.const:xdc_runtime_Text_visitRopeFxn__C)
                  0000ba90    00000001     appBLE_pem3.oem3 (.const:xdc_runtime_Text_charTab__A)

.cinit     0    0000ba98    00000c80     
                  0000ba98    00000aa2     (.cinit..data.load) [load image, compression = rle]
                  0000c53a    00000006     --HOLE-- [fill = 0]
                  0000c540    0000002d     (.cinit..data:ti_sysbios_family_arm_m3_Hwi_Module__state__V.load) [load image, compression = rle]
                  0000c56d    00000003     --HOLE-- [fill = 0]
                  0000c570    0000002c     (.cinit..data:ti_sysbios_knl_Task_Module__state__V.load) [load image, compression = rle]
                  0000c59c    00000004     --HOLE-- [fill = 0]
                  0000c5a0    00000021     (.cinit..data:ti_sysbios_knl_Clock_Module__state__V.load) [load image, compression = rle]
                  0000c5c1    00000007     --HOLE-- [fill = 0]
                  0000c5c8    0000001f     (.cinit..data:ti_sysbios_BIOS_Module__state__V.load) [load image, compression = rle]
                  0000c5e7    00000001     --HOLE-- [fill = 0]
                  0000c5e8    00000011     (.cinit..data:ti_sysbios_knl_Swi_Module__state__V.load) [load image, compression = rle]
                  0000c5f9    00000007     --HOLE-- [fill = 0]
                  0000c600    0000000d     (.cinit..data:ti_sysbios_family_arm_cc26xx_Timer_Module__state__V.load) [load image, compression = rle]
                  0000c60d    00000003     --HOLE-- [fill = 0]
                  0000c610    0000000d     (.cinit..data:xdc_runtime_System_Module__state__V.load) [load image, compression = rle]
                  0000c61d    00000003     --HOLE-- [fill = 0]
                  0000c620    0000000c     (__TI_handler_table)
                  0000c62c    00000004     --HOLE-- [fill = 0]
                  0000c630    0000000a     (.cinit..data:xdc_runtime_Memory_Module__state__V.load) [load image, compression = rle]
                  0000c63a    00000006     --HOLE-- [fill = 0]
                  0000c640    00000009     (.cinit..data:ti_sysbios_family_arm_cc26xx_TimestampProvider_Module__state__V.load) [load image, compression = rle]
                  0000c649    00000007     --HOLE-- [fill = 0]
                  0000c650    00000009     (.cinit..data:xdc_runtime_Startup_Module__state__V.load) [load image, compression = rle]
                  0000c659    00000007     --HOLE-- [fill = 0]
                  0000c660    00000008     (.cinit..TI.bound:dmaRxControlTableEntry0.load) [load image, compression = zero_init]
                  0000c668    00000008     (.cinit..TI.bound:dmaRxControlTableEntry1.load) [load image, compression = zero_init]
                  0000c670    00000008     (.cinit..TI.bound:dmaTxControlTableEntry0.load) [load image, compression = zero_init]
                  0000c678    00000008     (.cinit..TI.bound:dmaTxControlTableEntry1.load) [load image, compression = zero_init]
                  0000c680    00000008     (.cinit..bss.load) [load image, compression = zero_init]
                  0000c688    00000008     (.cinit..vecs.load) [load image, compression = zero_init]
                  0000c690    00000088     (__TI_cinit_table)

[...]
1001c23d  ti_sysbios_knl_Swi_startup__E                                             
1001c243  ti_sysbios_knl_Task_enable__E                                             
1001c249  ti_sysbios_BIOS_RtsGateProxy_enter__E                                     
1001c24d  ti_sysbios_BIOS_RtsGateProxy_leave__E                                     
1001c251  ti_sysbios_family_arm_cc26xx_Timer_getExpiredTicks__E                     
1001c255  ti_sysbios_family_arm_cc26xx_Timer_getPeriod__E                           
1001c259  ti_sysbios_family_arm_cc26xx_Timer_setPeriod__E                           
1001c25d  ti_sysbios_family_arm_m3_Hwi_delete                                       
1001c261  ti_sysbios_family_arm_m3_Hwi_destruct                                     
1001c265  ti_sysbios_family_arm_m3_TaskSupport_Module__startupDone__S               
1001c269  ti_sysbios_gates_GateHwi_query__E                                         
1001c269  xdc_runtime_System_Module_GateProxy_query__E                              
1001c26d  ti_sysbios_gates_GateMutex_delete                                         
1001c271  ti_sysbios_gates_GateMutex_destruct                                       
1001c275  ti_sysbios_BIOS_RtsGateProxy_query__E                                     
1001c275  ti_sysbios_gates_GateMutex_query__E                                       
1001c275  ti_sysbios_heaps_HeapMem_Module_GateProxy_query__E                        
1001c279  ti_sysbios_hal_Hwi_HwiProxy_Module__startupDone__S                        
1001c27d  ti_sysbios_hal_Hwi_HwiProxy_delete                                        
1001c281  ti_sysbios_hal_Hwi_HwiProxy_disableInterrupt__E                           
1001c281  ti_sysbios_hal_Hwi_disableInterrupt__E                                    
1001c285  ti_sysbios_hal_Hwi_HwiProxy_enableInterrupt__E                            
1001c285  ti_sysbios_hal_Hwi_enableInterrupt__E                                     
1001c289  ti_sysbios_hal_Hwi_HwiProxy_getStackInfo__E                               
1001c289  ti_sysbios_hal_Hwi_getStackInfo__E                                        
1001c28d  ti_sysbios_hal_Hwi_HwiProxy_startup__E                                    
1001c28d  ti_sysbios_hal_Hwi_startup__E                                             
1001c291  ti_sysbios_hal_Hwi_HwiProxy_switchFromBootStack__E                        
1001c295  ti_sysbios_hal_Hwi_delete                                                 
1001c299  ti_sysbios_hal_Hwi_switchFromBootStack__E                                 
1001c29d  ti_sysbios_heaps_HeapMem_Module_GateProxy_enter__E                        
1001c2a1  ti_sysbios_heaps_HeapMem_Module_GateProxy_leave__E                        
1001c2a5  ti_sysbios_heaps_HeapMem_isBlocking__E                                    
1001c2a9  ti_sysbios_knl_Clock_TimerProxy_Module__startupDone__S                    
1001c2ad  ti_sysbios_knl_Clock_TimerProxy_getExpiredTicks__E                        
1001c2b1  ti_sysbios_knl_Clock_TimerProxy_getPeriod__E                              
1001c2b5  ti_sysbios_knl_Clock_delete                                               
1001c2b9  ti_sysbios_knl_Clock_destruct                                             
1001c2bd  ti_sysbios_knl_Clock_removeI__E                                           
1001c2c1  ti_sysbios_knl_Clock_setTimeout__E                                        
1001c2c5  ti_sysbios_knl_Mailbox_delete                                             
1001c2c9  ti_sysbios_knl_Mailbox_destruct                                           
1001c2cd  ti_sysbios_knl_Queue_delete                                               
1001c2d1  ti_sysbios_knl_Queue_destruct                                             
1001c2d5  ti_sysbios_knl_Queue_head__E                                              
1001c2d9  ti_sysbios_knl_Queue_next__E                                              
1001c2dd  ti_sysbios_knl_Semaphore_delete                                           
1001c2e1  ti_sysbios_knl_Semaphore_destruct                                         
1001c2e5  ti_sysbios_knl_Swi_delete                                                 
1001c2e9  ti_sysbios_knl_Swi_destruct                                               
1001c2ed  ti_sysbios_knl_Swi_postInit__I                                            
1001c2f1  ti_sysbios_knl_Task_SupportProxy_Module__startupDone__S                   
1001c2f5  ti_sysbios_knl_Task_SupportProxy_getStackAlignment__E                     
1001c2f9  ti_sysbios_knl_Task_SupportProxy_start__E                                 
1001c2fd  ti_sysbios_knl_Task_SupportProxy_swap__E                                  
1001c301  ti_sysbios_knl_Task_delete                                                
1001c305  ti_sysbios_knl_Task_destruct                                              
1001c309  ti_sysbios_knl_Task_startup__E                                            
1001c30d  xdc_runtime_Startup_startMods__I                                          
1001c405  xdc_runtime_Core_createObject__I                                          
1001c487  xdc_runtime_Error_policySpin__E                                           
1001c489  xdc_runtime_Memory_alloc__E                                               
1001c4f9  xdc_runtime_Core_deleteObject__I                                          
1001c559  xdc_runtime_Startup_exec__E                                               
1001c5a9  xdc_runtime_Assert_raise__I                                               
1001c5f1  xdc_runtime_Core_assignParams__I                                          
1001c639  xdc_runtime_Core_constructObject__I                                       
1001c681  xdc_runtime_System_atexit__E                                              
1001c6b9  xdc_runtime_System_processAtExit__E                                       
1001c6ed  xdc_runtime_Core_assignLabel__I                                           
1001c71d  xdc_runtime_Text_cordText__E                                              
1001c749  xdc_runtime_System_abort__E                                               
1001c769  xdc_runtime_Error_raiseX__E                                               
1001c785  xdc_runtime_Memory_valloc__E                                              
1001c7a1  xdc_runtime_Core_destructObject__I                                        
1001c7b9  xdc_runtime_Error_check__E                                                
1001c7d1  xdc_runtime_System_exit__E                                                
1001c7e9  xdc_runtime_Text_ropeText__E                                              
1001c801  xdc_runtime_Memory_free__E                                                
1001c811  xdc_runtime_SysCallback_abort__E                                          
1001c821  xdc_runtime_SysCallback_exit__E                                           
1001c831  xdc_runtime_Timestamp_SupportProxy_get32__E                               
1001c831  xdc_runtime_Timestamp_get32__E                                            
1001c841  xdc_runtime_Error_init__E                                                 
1001c84d  xdc_runtime_Memory_calloc__E                                              
1001c859  xdc_runtime_Memory_getMaxDefaultTypeAlign__E                              
1001c879  xdc_runtime_Gate_leaveSystem__E                                           
1001c87f  xdc_runtime_System_Module_startup__E                                      
1001c885  xdc_runtime_Gate_enterSystem__E                                           
1001c889  xdc_runtime_Memory_HeapProxy_alloc__E                                     
1001c88d  xdc_runtime_Memory_HeapProxy_free__E                                      
1001c891  xdc_runtime_System_Module_GateProxy_enter__E                              
1001c895  xdc_runtime_System_Module_GateProxy_leave__E                              
1001c899  xdc_runtime_System_abortSpin__E                                           
1001c89b  xdc_runtime_System_exitSpin__E                                            
1001c89d  ti_sysbios_family_arm_m3_Hwi_dispatch__I                                  
1001c96d  ti_sysbios_family_arm_m3_TaskSupport_buildTaskStack                       
1001c9b9  ti_sysbios_family_arm_m3_Hwi_initStacks__E                                
1001ca01  ti_sysbios_family_arm_m3_Hwi_excHandlerAsm__I                             
1001ca21  ti_sysbios_family_xxx_Hwi_switchAndRunFunc                                
1001ca3f  ti_sysbios_family_arm_m3_Hwi_pendSV__I                                    
1001ca57  ti_sysbios_family_arm_m3_Hwi_return                                       
1001ca59  ti_sysbios_family_arm_m3_TaskSupport_glue                                 
1001ca69  ti_sysbios_family_arm_m3_TaskSupport_swap__E                              
1001ca71  ti_sysbios_knl_Task_swapReturn                                            
1001ca9b  ti_sysbios_rom_cortexm_cc26xx_CC26xx_getRevision__E                       
20000000  ti_sysbios_family_arm_m3_Hwi_ramVectors                                   
20000100  ti_sysbios_knl_Task_Module__state__V                                      
20000144  ti_sysbios_family_arm_m3_Hwi_Module__state__V                             
20000178  ti_sysbios_knl_Clock_Module__state__V                                     
200001a4  ti_sysbios_BIOS_Module__state__V                                          
200001c8  ti_sysbios_knl_Swi_Module__state__V                                       
200001e4  ti_sysbios_family_arm_cc26xx_Timer_Module__state__V                       
200001ec  ti_sysbios_family_arm_cc26xx_TimestampProvider_Module__state__V           
200001f0  xdc_runtime_Startup_Module__state__V                                      
200001f8  xdc_runtime_System_Module__state__V                                       
20000200  xdc_runtime_Memory_Module__state__V                                       
20000520  gapProfileState                                                           
20000528  sem                                                                       
2000052c  hGpioPin                                                                  
20000548  pinGpioState                                                              
200009e4  linkDBNumConns                                                            
20000af8  gapRoleTask                                                               
20000b48  gapRoleTaskStack                                                          
2000177c  ICall_enterCriticalSection                                                
20001780  ICall_leaveCriticalSection                                                
20001794  ICall_dispatcher                                                          
2000187c  ti_sysbios_family_arm_cc26xx_Power_refCount                               
2000188f  ti_sysbios_family_arm_cc26xx_Power_constraintCounts                       
20001894  ti_sysbios_family_arm_cc26xx_Power_resourceHandlers                       
200018a0  ti_sysbios_family_arm_cc26xx_Timer_Module__root__V                        
200018a8  ti_sysbios_family_arm_m3_Hwi_Module__root__V                              
200018b0  ti_sysbios_family_arm_m3_Hwi_Module_State_0_excActive__A                  
200018b4  ti_sysbios_family_arm_m3_Hwi_Module_State_0_excContext__A                 
200018b8  ti_sysbios_family_arm_m3_Hwi_Module_State_0_excStack__A                   
200018bc  ti_sysbios_gates_GateHwi_Module__root__V                                  
200018c4  ti_sysbios_gates_GateHwi_Object__table__V                                 
200018c8  ti_sysbios_gates_GateMutex_Module__root__V                                
200018d0  ti_sysbios_hal_Hwi_Module__root__V                                        
200018d8  ti_sysbios_heaps_HeapMem_Module__root__V                                  
200018e0  ti_sysbios_heaps_HeapMem_Object__table__V                                 
200018f8  ti_sysbios_knl_Clock_Module__root__V                                      
20001900  ti_sysbios_knl_Event_Module__root__V                                      
20001908  ti_sysbios_knl_Mailbox_Module__root__V                                    
20001910  ti_sysbios_knl_Queue_Module__root__V                                      
20001918  ti_sysbios_knl_Semaphore_Module__root__V                                  
20001920  ti_sysbios_knl_Swi_Module__root__V                                        
20001928  ti_sysbios_knl_Task_Module__root__V                                       
20001930  ti_sysbios_knl_Task_Module_State_0_idleTask__A                            
20001934  xdc_runtime_System_Module_State_0_atexitHandlers__A                       
20001954  __xdc__init__addr                                                         
20001e40  ti_sysbios_family_arm_cc26xx_Power_Module__state__V                       
20001f7c  BoardGpioInitTable                                                        
20001fd8  rfRegTbl                                                                  
20002078  TSK_idle                                                                  
20002078  ti_sysbios_knl_Task_Object__table__V                                      
20002110  ti_sysbios_family_arm_cc26xx_Timer_Object__table__V                       
20002158  ti_sysbios_gates_GateMutex_Object__table__V                               
200021f4  ti_sysbios_family_arm_m3_Hwi_Object__table__V                             
20002224  ti_sysbios_knl_Swi_Module_State_0_readyQ__A                               
20002254  ti_sysbios_knl_Swi_Object__table__V                                       
20002284  ti_sysbios_knl_Task_Module_State_0_readyQ__A                              
200022e0  user0Cfg                                                                  
20002358  lastAppOpcodeSent                                                         
2000235c  pfnBMAlloc                                                                
20002360  pfnBMFree                                                                 
2000236c  _lock                                                                     
20002370  _unlock                                                                   
20002374  __TI_cleanup_ptr                                                          
20002378  __TI_dtors_ptr                                                            
2000237c  xdc_runtime_Registry_Module__state__V                                     
20002388  main_func_sp                                                              
20002ec8  ti_sysbios_heaps_HeapMem_Instance_State_0_buf__A                          
20003548  ti_sysbios_knl_Task_Instance_State_0_stack__A                             
20003748  spiCC26XXDMAObjects                                                       
20003898  PIN_NumPins                                                               
200038f8  PIN_HandleTable                                                           
20003974  ti_sysbios_family_arm_m3_Hwi_dispatchTable                                
20003a3c  i2cCC26xxObjects                                                          
20003b2c  UdmaObjects                                                               
20003ba0  driverlib_release_0_43243                                                 
20004060  __stack                                                                   
20004460  __STACK_END                                                               
20004460  __STACK_TOP                                                               
e000e000  ti_sysbios_family_arm_m3_Hwi_nvic                                         
ffffffff  __binit__                                                                 
ffffffff  __c_args__                                                                
ffffffff  binit                                                                     
UNDEFED   SHT$$INIT_ARRAY$$Base                                                     
UNDEFED   SHT$$INIT_ARRAY$$Limit                                                    
UNDEFED   ti_sysbios_BIOS_RtsGateProxy_Handle__label__S__mangled__                  
UNDEFED   ti_sysbios_BIOS_RtsGateProxy_Object__delete__S__mangled__                 
UNDEFED   ti_sysbios_BIOS_RtsGateProxy_Params__init__S__mangled__                   
UNDEFED   ti_sysbios_BIOS_RtsGateProxy_query__E__mangled__                          
UNDEFED   ti_sysbios_hal_Hwi_HwiProxy_Module__startupDone__S__mangled__             
UNDEFED   ti_sysbios_hal_Hwi_HwiProxy_Object__delete__S__mangled__                  
UNDEFED   ti_sysbios_hal_Hwi_HwiProxy_Params__init__S__mangled__                    
UNDEFED   ti_sysbios_hal_Hwi_HwiProxy_disableInterrupt__E__mangled__                
UNDEFED   ti_sysbios_hal_Hwi_HwiProxy_enableInterrupt__E__mangled__                 
UNDEFED   ti_sysbios_hal_Hwi_HwiProxy_getStackInfo__E__mangled__                    
UNDEFED   ti_sysbios_hal_Hwi_HwiProxy_startup__E__mangled__                         
UNDEFED   ti_sysbios_hal_Hwi_HwiProxy_switchFromBootStack__E__mangled__             
UNDEFED   ti_sysbios_hal_Hwi_disableInterrupt__E__mangled__                         
UNDEFED   ti_sysbios_hal_Hwi_enableInterrupt__E__mangled__                          
UNDEFED   ti_sysbios_hal_Hwi_getStackInfo__E__mangled__                             
UNDEFED   ti_sysbios_hal_Hwi_startup__E__mangled__                                  
UNDEFED   ti_sysbios_hal_Hwi_switchFromBootStack__E__mangled__                      
UNDEFED   ti_sysbios_heaps_HeapMem_Module_GateProxy_Handle__label__S__mangled__     
UNDEFED   ti_sysbios_heaps_HeapMem_Module_GateProxy_Object__delete__S__mangled__    
UNDEFED   ti_sysbios_heaps_HeapMem_Module_GateProxy_Params__init__S__mangled__      
UNDEFED   ti_sysbios_heaps_HeapMem_Module_GateProxy_query__E__mangled__             
UNDEFED   ti_sysbios_knl_Clock_TimerProxy_Module__startupDone__S__mangled__         
UNDEFED   ti_sysbios_knl_Clock_TimerProxy_startup__E__mangled__                     
UNDEFED   ti_sysbios_knl_Task_SupportProxy_Module__startupDone__S__mangled__        
UNDEFED   ti_sysbios_knl_Task_SupportProxy_getStackAlignment__E__mangled__          
UNDEFED   ti_sysbios_knl_Task_SupportProxy_start__E__mangled__                      
UNDEFED   ti_sysbios_knl_Task_SupportProxy_swap__E__mangled__                       
UNDEFED   xdc_runtime_Main_Module_GateProxy_Handle__label__S                        
UNDEFED   xdc_runtime_Main_Module_GateProxy_Object__delete__S                       
UNDEFED   xdc_runtime_Main_Module_GateProxy_query__E                                
UNDEFED   xdc_runtime_Memory_HeapProxy_Handle__label__S__mangled__                  
UNDEFED   xdc_runtime_Memory_HeapProxy_Object__delete__S__mangled__                 
UNDEFED   xdc_runtime_System_Module_GateProxy_Handle__label__S__mangled__           
UNDEFED   xdc_runtime_System_Module_GateProxy_Object__delete__S__mangled__          
UNDEFED   xdc_runtime_System_Module_GateProxy_query__E__mangled__                   
UNDEFED   xdc_runtime_System_SupportProxy_abort__E                                  
UNDEFED   xdc_runtime_System_SupportProxy_exit__E                                   
UNDEFED   xdc_runtime_Timestamp_SupportProxy_get64__E__mangled__                    
UNDEFED   xdc_runtime_Timestamp_SupportProxy_getFreq__E__mangled__                  
UNDEFED   xdc_runtime_Timestamp_get32__E__mangled__                                 
UNDEFED   xdc_runtime_Timestamp_get64__E__mangled__                                 
UNDEFED   xdc_runtime_Timestamp_getFreq__E__mangled__                               

[1021 symbols]
